Archive member included to satisfy reference by file (symbol)

../../../../lib/ksdk_platform_lib/armgcc/KL03Z4/release/libksdk_platform.a(fsl_os_abstraction_bm.c.obj)
                              CMakeFiles/Warp.dir/home/diya/Desktop/badminton_shot_detector/Warp-firmware/build/ksdk1.1/work/demos/Warp/src/warp-kl03-ksdk1.1-boot.c.obj (OSA_TimeDelay)
../../../../lib/ksdk_platform_lib/armgcc/KL03Z4/release/libksdk_platform.a(fsl_clock_manager.c.obj)
                              CMakeFiles/Warp.dir/home/diya/Desktop/badminton_shot_detector/Warp-firmware/build/ksdk1.1/work/demos/Warp/src/warp-kl03-ksdk1.1-boot.c.obj (CLOCK_SYS_Init)
../../../../lib/ksdk_platform_lib/armgcc/KL03Z4/release/libksdk_platform.a(fsl_clock_MKL03Z4.c.obj)
                              ../../../../lib/ksdk_platform_lib/armgcc/KL03Z4/release/libksdk_platform.a(fsl_clock_manager.c.obj) (CLOCK_SYS_SetConfiguration)
../../../../lib/ksdk_platform_lib/armgcc/KL03Z4/release/libksdk_platform.a(fsl_interrupt_manager.c.obj)
                              ../../../../lib/ksdk_platform_lib/armgcc/KL03Z4/release/libksdk_platform.a(fsl_os_abstraction_bm.c.obj) (INT_SYS_InstallHandler)
../../../../lib/ksdk_platform_lib/armgcc/KL03Z4/release/libksdk_platform.a(fsl_power_manager.c.obj)
                              CMakeFiles/Warp.dir/home/diya/Desktop/badminton_shot_detector/Warp-firmware/build/ksdk1.1/work/demos/Warp/src/warp-kl03-ksdk1.1-boot.c.obj (POWER_SYS_Init)
../../../../lib/ksdk_platform_lib/armgcc/KL03Z4/release/libksdk_platform.a(fsl_adc16_driver.c.obj)
                              CMakeFiles/Warp.dir/home/diya/Desktop/badminton_shot_detector/Warp-firmware/build/ksdk1.1/work/demos/Warp/src/devINMP401.c.obj (ADC16_DRV_GetAutoCalibrationParam)
../../../../lib/ksdk_platform_lib/armgcc/KL03Z4/release/libksdk_platform.a(fsl_adc16_common.c.obj)
                              ../../../../lib/ksdk_platform_lib/armgcc/KL03Z4/release/libksdk_platform.a(fsl_adc16_driver.c.obj) (g_adcIrqId)
../../../../lib/ksdk_platform_lib/armgcc/KL03Z4/release/libksdk_platform.a(fsl_gpio_driver.c.obj)
                              ../../../../lib/ksdk_platform_lib/armgcc/KL03Z4/release/libksdk_platform.a(fsl_power_manager.c.obj) (GPIO_DRV_InputPinInit)
../../../../lib/ksdk_platform_lib/armgcc/KL03Z4/release/libksdk_platform.a(fsl_i2c_shared_function.c.obj)
                              CMakeFiles/Warp.dir/home/diya/Desktop/badminton_shot_detector/Warp-firmware/build/ksdk1.1/work/platform/drivers/src/i2c/fsl_i2c_irq.c.obj (I2C_DRV_IRQHandler)
../../../../lib/ksdk_platform_lib/armgcc/KL03Z4/release/libksdk_platform.a(fsl_i2c_common.c.obj)
                              ../../../../lib/ksdk_platform_lib/armgcc/KL03Z4/release/libksdk_platform.a(fsl_i2c_shared_function.c.obj) (g_i2cBaseAddr)
../../../../lib/ksdk_platform_lib/armgcc/KL03Z4/release/libksdk_platform.a(fsl_i2c_master_driver.c.obj)
                              CMakeFiles/Warp.dir/home/diya/Desktop/badminton_shot_detector/Warp-firmware/build/ksdk1.1/work/demos/Warp/src/warp-kl03-ksdk1.1-boot.c.obj (I2C_DRV_MasterInit)
../../../../lib/ksdk_platform_lib/armgcc/KL03Z4/release/libksdk_platform.a(fsl_i2c_slave_driver.c.obj)
                              ../../../../lib/ksdk_platform_lib/armgcc/KL03Z4/release/libksdk_platform.a(fsl_i2c_shared_function.c.obj) (I2C_DRV_SlaveIRQHandler)
../../../../lib/ksdk_platform_lib/armgcc/KL03Z4/release/libksdk_platform.a(fsl_llwu_hal.c.obj)
                              ../../../../lib/ksdk_platform_lib/armgcc/KL03Z4/release/libksdk_platform.a(fsl_power_manager.c.obj) (LLWU_HAL_SetExternalInputPinMode)
../../../../lib/ksdk_platform_lib/armgcc/KL03Z4/release/libksdk_platform.a(fsl_mcglite_hal.c.obj)
                              ../../../../lib/ksdk_platform_lib/armgcc/KL03Z4/release/libksdk_platform.a(fsl_clock_MKL03Z4.c.obj) (CLOCK_HAL_GetInternalRefClk)
../../../../lib/ksdk_platform_lib/armgcc/KL03Z4/release/libksdk_platform.a(fsl_mcglite_hal_modes.c.obj)
                              ../../../../lib/ksdk_platform_lib/armgcc/KL03Z4/release/libksdk_platform.a(fsl_power_manager.c.obj) (CLOCK_HAL_GetMode)
../../../../lib/ksdk_platform_lib/armgcc/KL03Z4/release/libksdk_platform.a(fsl_osc_hal.c.obj)
                              ../../../../lib/ksdk_platform_lib/armgcc/KL03Z4/release/libksdk_platform.a(fsl_clock_MKL03Z4.c.obj) (OSC_HAL_SetExternalRefClkCmd)
../../../../lib/ksdk_platform_lib/armgcc/KL03Z4/release/libksdk_platform.a(fsl_rtc_hal.c.obj)
                              CMakeFiles/Warp.dir/home/diya/Desktop/badminton_shot_detector/Warp-firmware/build/ksdk1.1/work/demos/Warp/src/warp-kl03-ksdk1.1-powermodes.c.obj (RTC_HAL_ConvertSecsToDatetime)
../../../../lib/ksdk_platform_lib/armgcc/KL03Z4/release/libksdk_platform.a(fsl_rtc_driver.c.obj)
                              CMakeFiles/Warp.dir/home/diya/Desktop/badminton_shot_detector/Warp-firmware/build/ksdk1.1/work/demos/Warp/src/warp-kl03-ksdk1.1-boot.c.obj (RTC_DRV_Init)
[...]
Memory Configuration

Name             Origin             Length             Attributes
m_interrupts     0x0000000000000000 0x0000000000000100 xr
m_flash_config   0x0000000000000400 0x0000000000000010 xr
m_text           0x0000000000000410 0x0000000000007bf0 xr
m_data           0x000000001ffffe00 0x0000000000000800 rw
*default*        0x0000000000000000 0xffffffffffffffff

Linker script and memory map

LOAD /usr/lib/gcc/arm-none-eabi/4.9.3/armv6-m/crti.o
LOAD /usr/lib/gcc/arm-none-eabi/4.9.3/armv6-m/crtbegin.o
LOAD /usr/lib/gcc/arm-none-eabi/4.9.3/../../../arm-none-eabi/lib/armv6-m/crt0.o
LOAD /usr/lib/gcc/arm-none-eabi/4.9.3/../../../arm-none-eabi/lib/armv6-m/libm.a
                0x0000000000000200                __stack_size__ = 0x200
                0x0000000000000005                __heap_size__ = 0x5
LOAD CMakeFiles/Warp.dir/home/diya/Desktop/badminton_shot_detector/Warp-firmware/build/ksdk1.1/work/platform/utilities/src/fsl_misc_utilities.c.obj
LOAD CMakeFiles/Warp.dir/home/diya/Desktop/badminton_shot_detector/Warp-firmware/build/ksdk1.1/work/platform/startup/MKL03Z4/gcc/startup_MKL03Z4.S.obj
LOAD CMakeFiles/Warp.dir/home/diya/Desktop/badminton_shot_detector/Warp-firmware/build/ksdk1.1/work/demos/Warp/src/warp-kl03-ksdk1.1-boot.c.obj
LOAD CMakeFiles/Warp.dir/home/diya/Desktop/badminton_shot_detector/Warp-firmware/build/ksdk1.1/work/demos/Warp/src/warp-kl03-ksdk1.1-powermodes.c.obj
LOAD CMakeFiles/Warp.dir/home/diya/Desktop/badminton_shot_detector/Warp-firmware/build/ksdk1.1/work/demos/Warp/src/devBMX055.c.obj
LOAD CMakeFiles/Warp.dir/home/diya/Desktop/badminton_shot_detector/Warp-firmware/build/ksdk1.1/work/demos/Warp/src/devADXL362.c.obj
LOAD CMakeFiles/Warp.dir/home/diya/Desktop/badminton_shot_detector/Warp-firmware/build/ksdk1.1/work/demos/Warp/src/devMMA8451Q.c.obj
LOAD CMakeFiles/Warp.dir/home/diya/Desktop/badminton_shot_detector/Warp-firmware/build/ksdk1.1/work/demos/Warp/src/devLPS25H.c.obj
LOAD CMakeFiles/Warp.dir/home/diya/Desktop/badminton_shot_detector/Warp-firmware/build/ksdk1.1/work/demos/Warp/src/devHDC1000.c.obj
LOAD CMakeFiles/Warp.dir/home/diya/Desktop/badminton_shot_detector/Warp-firmware/build/ksdk1.1/work/demos/Warp/src/devMAG3110.c.obj
LOAD CMakeFiles/Warp.dir/home/diya/Desktop/badminton_shot_detector/Warp-firmware/build/ksdk1.1/work/demos/Warp/src/devSI7021.c.obj
LOAD CMakeFiles/Warp.dir/home/diya/Desktop/badminton_shot_detector/Warp-firmware/build/ksdk1.1/work/demos/Warp/src/devL3GD20H.c.obj
LOAD CMakeFiles/Warp.dir/home/diya/Desktop/badminton_shot_detector/Warp-firmware/build/ksdk1.1/work/demos/Warp/src/devBME680.c.obj
LOAD CMakeFiles/Warp.dir/home/diya/Desktop/badminton_shot_detector/Warp-firmware/build/ksdk1.1/work/demos/Warp/src/devTCS34725.c.obj
LOAD CMakeFiles/Warp.dir/home/diya/Desktop/badminton_shot_detector/Warp-firmware/build/ksdk1.1/work/demos/Warp/src/devSI4705.c.obj
LOAD CMakeFiles/Warp.dir/home/diya/Desktop/badminton_shot_detector/Warp-firmware/build/ksdk1.1/work/demos/Warp/src/devAMG8834.c.obj
LOAD CMakeFiles/Warp.dir/home/diya/Desktop/badminton_shot_detector/Warp-firmware/build/ksdk1.1/work/demos/Warp/src/devPAN1326.c.obj
LOAD CMakeFiles/Warp.dir/home/diya/Desktop/badminton_shot_detector/Warp-firmware/build/ksdk1.1/work/demos/Warp/src/devAS7262.c.obj
LOAD CMakeFiles/Warp.dir/home/diya/Desktop/badminton_shot_detector/Warp-firmware/build/ksdk1.1/work/demos/Warp/src/devAS7263.c.obj
LOAD CMakeFiles/Warp.dir/home/diya/Desktop/badminton_shot_detector/Warp-firmware/build/ksdk1.1/work/demos/Warp/src/devSSD1331.c.obj
LOAD CMakeFiles/Warp.dir/home/diya/Desktop/badminton_shot_detector/Warp-firmware/build/ksdk1.1/work/demos/Warp/src/devINA219.c.obj
LOAD CMakeFiles/Warp.dir/home/diya/Desktop/badminton_shot_detector/Warp-firmware/build/ksdk1.1/work/demos/Warp/src/devMPU6050.c.obj
LOAD CMakeFiles/Warp.dir/home/diya/Desktop/badminton_shot_detector/Warp-firmware/build/ksdk1.1/work/demos/Warp/src/devINMP401.c.obj
LOAD CMakeFiles/Warp.dir/home/diya/Desktop/badminton_shot_detector/Warp-firmware/build/ksdk1.1/work/demos/Warp/src/SEGGER_RTT.c.obj
LOAD CMakeFiles/Warp.dir/home/diya/Desktop/badminton_shot_detector/Warp-firmware/build/ksdk1.1/work/demos/Warp/src/SEGGER_RTT_printf.c.obj
LOAD CMakeFiles/Warp.dir/home/diya/Desktop/badminton_shot_detector/Warp-firmware/build/ksdk1.1/work/platform/drivers/src/i2c/fsl_i2c_irq.c.obj
LOAD CMakeFiles/Warp.dir/home/diya/Desktop/badminton_shot_detector/Warp-firmware/build/ksdk1.1/work/platform/drivers/src/spi/fsl_spi_irq.c.obj
LOAD CMakeFiles/Warp.dir/home/diya/Desktop/badminton_shot_detector/Warp-firmware/build/ksdk1.1/work/platform/startup/MKL03Z4/system_MKL03Z4.c.obj
LOAD CMakeFiles/Warp.dir/home/diya/Desktop/badminton_shot_detector/Warp-firmware/build/ksdk1.1/work/platform/startup/startup.c.obj
LOAD CMakeFiles/Warp.dir/home/diya/Desktop/badminton_shot_detector/Warp-firmware/build/ksdk1.1/work/boards/Warp/gpio_pins.c.obj
START GROUP
LOAD ../../../../lib/ksdk_platform_lib/armgcc/KL03Z4/release/libksdk_platform.a
LOAD /usr/lib/gcc/arm-none-eabi/4.9.3/../../../arm-none-eabi/lib/armv6-m/libm.a
LOAD /usr/lib/gcc/arm-none-eabi/4.9.3/../../../arm-none-eabi/lib/armv6-m/libc_nano.a
LOAD /usr/lib/gcc/arm-none-eabi/4.9.3/armv6-m/libgcc.a
LOAD /usr/lib/gcc/arm-none-eabi/4.9.3/../../../arm-none-eabi/lib/armv6-m/libnosys.a
END GROUP
START GROUP
LOAD /usr/lib/gcc/arm-none-eabi/4.9.3/armv6-m/libgcc.a
LOAD /usr/lib/gcc/arm-none-eabi/4.9.3/../../../arm-none-eabi/lib/armv6-m/libc_nano.a
END GROUP
START GROUP
LOAD /usr/lib/gcc/arm-none-eabi/4.9.3/armv6-m/libgcc.a
LOAD /usr/lib/gcc/arm-none-eabi/4.9.3/../../../arm-none-eabi/lib/armv6-m/libc_nano.a
END GROUP
LOAD /usr/lib/gcc/arm-none-eabi/4.9.3/armv6-m/crtend.o
LOAD /usr/lib/gcc/arm-none-eabi/4.9.3/armv6-m/crtn.o
                0x0000000000000200                HEAP_SIZE = DEFINED (__heap_size__)?__heap_size__:0x200
                0x0000000000000050                STACK_SIZE = DEFINED (__stack_size__)?__stack_size__:0x50
                0x0000000000000000                M_VECTOR_RAM_SIZE = DEFINED (__ram_vector_table__)?0x100:0x0

.interrupts     0x0000000000000000       0xc0
                0x0000000000000000                __VECTOR_TABLE = .
                0x0000000000000000                . = ALIGN (0x4)
 *(.isr_vector)
 .isr_vector    0x0000000000000000       0xc0 CMakeFiles/Warp.dir/home/diya/Desktop/badminton_shot_detector/Warp-firmware/build/ksdk1.1/work/platform/startup/MKL03Z4/gcc/startup_MKL03Z4.S.obj
                0x0000000000000000                __isr_vector
                0x00000000000000c0                . = ALIGN (0x4)

.flash_config   0x0000000000000400       0x10
                0x0000000000000400                . = ALIGN (0x4)
 *(.FlashConfig)
 .FlashConfig   0x0000000000000400       0x10 CMakeFiles/Warp.dir/home/diya/Desktop/badminton_shot_detector/Warp-firmware/build/ksdk1.1/work/platform/startup/MKL03Z4/gcc/startup_MKL03Z4.S.obj
                0x0000000000000410                . = ALIGN (0x4)

.text           0x0000000000000410     0x4324
                0x0000000000000410                . = ALIGN (0x4)
 *(.text)
 .text          0x0000000000000410       0xb4 /usr/lib/gcc/arm-none-eabi/4.9.3/armv6-m/crtbegin.o
 .text          0x00000000000004c4       0x6c /usr/lib/gcc/arm-none-eabi/4.9.3/../../../arm-none-eabi/lib/armv6-m/crt0.o
                0x00000000000004c4                _mainCRTStartup
                0x00000000000004c4                _start
 .text          0x0000000000000530       0x30 CMakeFiles/Warp.dir/home/diya/Desktop/badminton_shot_detector/Warp-firmware/build/ksdk1.1/work/platform/startup/MKL03Z4/gcc/startup_MKL03Z4.S.obj
                0x0000000000000530                Reset_Handler
                0x0000000000000558                Reserved18_IRQHandler
                0x0000000000000558                Reserved16_IRQHandler
                0x0000000000000558                HardFault_Handler
                0x0000000000000558                SysTick_Handler
                0x0000000000000558                PendSV_Handler
                0x0000000000000558                NMI_Handler
                0x0000000000000558                Reserved19_IRQHandler
                0x0000000000000558                Reserved29_IRQHandler
                0x0000000000000558                TPM0_IRQHandler
                0x0000000000000558                LLWU_IRQHandler
                0x0000000000000558                Reserved42_IRQHandler
                0x0000000000000558                ADC0_IRQHandler
                0x0000000000000558                Reserved39_IRQHandler
                0x0000000000000558                DefaultISR
                0x0000000000000558                Reserved25_IRQHandler
                0x0000000000000558                PORTB_IRQHandler
                0x0000000000000558                Reserved43_IRQHandler
                0x0000000000000558                Reserved27_IRQHandler
                0x0000000000000558                Reserved35_IRQHandler
                0x0000000000000558                Reserved20_IRQHandler
                0x0000000000000558                Reserved17_IRQHandler
                0x0000000000000558                Reserved41_IRQHandler
                0x0000000000000558                SVC_Handler
                0x0000000000000558                LPUART0_IRQHandler
                0x0000000000000558                Reserved45_IRQHandler
                0x0000000000000558                Reserved30_IRQHandler
                0x0000000000000558                PMC_IRQHandler
                0x0000000000000558                TPM1_IRQHandler
                0x0000000000000558                PORTA_IRQHandler
                0x0000000000000558                FTFA_IRQHandler
                0x0000000000000558                Reserved40_IRQHandler
                0x0000000000000558                Reserved38_IRQHandler
                0x0000000000000558                LPTMR0_IRQHandler
                0x0000000000000558                CMP0_IRQHandler
 .text          0x0000000000000560       0x14 /usr/lib/gcc/arm-none-eabi/4.9.3/armv6-m/libgcc.a(_thumb1_case_sqi.o)
                0x0000000000000560                __gnu_thumb1_case_sqi
 .text          0x0000000000000574       0x14 /usr/lib/gcc/arm-none-eabi/4.9.3/armv6-m/libgcc.a(_thumb1_case_uqi.o)
                0x0000000000000574                __gnu_thumb1_case_uqi
 .text          0x0000000000000588      0x120 /usr/lib/gcc/arm-none-eabi/4.9.3/armv6-m/libgcc.a(_udivsi3.o)
                0x0000000000000588                __udivsi3
                0x0000000000000588                __aeabi_uidiv
                0x0000000000000694                __aeabi_uidivmod
 .text          0x00000000000006a8      0x1e0 /usr/lib/gcc/arm-none-eabi/4.9.3/armv6-m/libgcc.a(_divsi3.o)
                0x00000000000006a8                __aeabi_idiv
                0x00000000000006a8                __divsi3
                0x0000000000000874                __aeabi_idivmod
 .text          0x0000000000000888        0x4 /usr/lib/gcc/arm-none-eabi/4.9.3/armv6-m/libgcc.a(_dvmd_tls.o)
                0x0000000000000888                __aeabi_ldiv0
                0x0000000000000888                __aeabi_idiv0
 *(.text*)
 .text._sbrk    0x000000000000088c       0x38 CMakeFiles/Warp.dir/home/diya/Desktop/badminton_shot_detector/Warp-firmware/build/ksdk1.1/work/platform/utilities/src/fsl_misc_utilities.c.obj
                0x000000000000088c                _sbrk
 .text.clockManagerCallbackRoutine
                0x00000000000008c4        0xc CMakeFiles/Warp.dir/home/diya/Desktop/badminton_shot_detector/Warp-firmware/build/ksdk1.1/work/demos/Warp/src/warp-kl03-ksdk1.1-boot.c.obj
                0x00000000000008c4                clockManagerCallbackRoutine
 .text.callback0
                0x00000000000008d0       0x14 CMakeFiles/Warp.dir/home/diya/Desktop/badminton_shot_detector/Warp-firmware/build/ksdk1.1/work/demos/Warp/src/warp-kl03-ksdk1.1-boot.c.obj
                0x00000000000008d0                callback0
 .text.RTC_IRQHandler
                0x00000000000008e4       0x16 CMakeFiles/Warp.dir/home/diya/Desktop/badminton_shot_detector/Warp-firmware/build/ksdk1.1/work/demos/Warp/src/warp-kl03-ksdk1.1-boot.c.obj
                0x00000000000008e4                RTC_IRQHandler
 *fill*         0x00000000000008fa        0x2 
 .text.RTC_Seconds_IRQHandler
                0x00000000000008fc       0x10 CMakeFiles/Warp.dir/home/diya/Desktop/badminton_shot_detector/Warp-firmware/build/ksdk1.1/work/demos/Warp/src/warp-kl03-ksdk1.1-boot.c.obj
                0x00000000000008fc                RTC_Seconds_IRQHandler
 .text.enableSPIpins
                0x000000000000090c       0x5c CMakeFiles/Warp.dir/home/diya/Desktop/badminton_shot_detector/Warp-firmware/build/ksdk1.1/work/demos/Warp/src/warp-kl03-ksdk1.1-boot.c.obj
                0x000000000000090c                enableSPIpins
 .text.enableI2Cpins
                0x0000000000000968       0x2c CMakeFiles/Warp.dir/home/diya/Desktop/badminton_shot_detector/Warp-firmware/build/ksdk1.1/work/demos/Warp/src/warp-kl03-ksdk1.1-boot.c.obj
                0x0000000000000968                enableI2Cpins
 .text.disableI2Cpins
                0x0000000000000994       0x34 CMakeFiles/Warp.dir/home/diya/Desktop/badminton_shot_detector/Warp-firmware/build/ksdk1.1/work/demos/Warp/src/warp-kl03-ksdk1.1-boot.c.obj
                0x0000000000000994                disableI2Cpins
 .text.lowPowerPinStates
                0x00000000000009c8      0x13c CMakeFiles/Warp.dir/home/diya/Desktop/badminton_shot_detector/Warp-firmware/build/ksdk1.1/work/demos/Warp/src/warp-kl03-ksdk1.1-boot.c.obj
                0x00000000000009c8                lowPowerPinStates
 .text.disableTPS82740A
                0x0000000000000b04        0xa CMakeFiles/Warp.dir/home/diya/Desktop/badminton_shot_detector/Warp-firmware/build/ksdk1.1/work/demos/Warp/src/warp-kl03-ksdk1.1-boot.c.obj
                0x0000000000000b04                disableTPS82740A
 .text.disableTPS82740B
                0x0000000000000b0e        0xa CMakeFiles/Warp.dir/home/diya/Desktop/badminton_shot_detector/Warp-firmware/build/ksdk1.1/work/demos/Warp/src/warp-kl03-ksdk1.1-boot.c.obj
                0x0000000000000b0e                disableTPS82740B
 .text.disableSssupply
                0x0000000000000b18       0x14 CMakeFiles/Warp.dir/home/diya/Desktop/badminton_shot_detector/Warp-firmware/build/ksdk1.1/work/demos/Warp/src/warp-kl03-ksdk1.1-boot.c.obj
                0x0000000000000b18                disableSssupply
 .text.writeByteToI2cDeviceRegister
                0x0000000000000b2c       0x58 CMakeFiles/Warp.dir/home/diya/Desktop/badminton_shot_detector/Warp-firmware/build/ksdk1.1/work/demos/Warp/src/warp-kl03-ksdk1.1-boot.c.obj
                0x0000000000000b2c                writeByteToI2cDeviceRegister
 .text.activateAllLowPowerSensorModes
                0x0000000000000b84       0xc8 CMakeFiles/Warp.dir/home/diya/Desktop/badminton_shot_detector/Warp-firmware/build/ksdk1.1/work/demos/Warp/src/warp-kl03-ksdk1.1-boot.c.obj
                0x0000000000000b84                activateAllLowPowerSensorModes
 .text.startup.main
                0x0000000000000c4c      0x320 CMakeFiles/Warp.dir/home/diya/Desktop/badminton_shot_detector/Warp-firmware/build/ksdk1.1/work/demos/Warp/src/warp-kl03-ksdk1.1-boot.c.obj
                0x0000000000000c4c                main
 .text.setSleepRtcAlarm
                0x0000000000000f6c       0x2e CMakeFiles/Warp.dir/home/diya/Desktop/badminton_shot_detector/Warp-firmware/build/ksdk1.1/work/demos/Warp/src/warp-kl03-ksdk1.1-powermodes.c.obj
 *fill*         0x0000000000000f9a        0x2 
 .text.gpioDisableWakeUp
                0x0000000000000f9c       0x18 CMakeFiles/Warp.dir/home/diya/Desktop/badminton_shot_detector/Warp-firmware/build/ksdk1.1/work/demos/Warp/src/warp-kl03-ksdk1.1-powermodes.c.obj
                0x0000000000000f9c                gpioDisableWakeUp
 .text.warpSetLowPowerMode
                0x0000000000000fb4       0xec CMakeFiles/Warp.dir/home/diya/Desktop/badminton_shot_detector/Warp-firmware/build/ksdk1.1/work/demos/Warp/src/warp-kl03-ksdk1.1-powermodes.c.obj
                0x0000000000000fb4                warpSetLowPowerMode
 .text.initBMX055accel
                0x00000000000010a0        0xa CMakeFiles/Warp.dir/home/diya/Desktop/badminton_shot_detector/Warp-firmware/build/ksdk1.1/work/demos/Warp/src/devBMX055.c.obj
                0x00000000000010a0                initBMX055accel
 *fill*         0x00000000000010aa        0x2 
 .text.initBMX055mag
                0x00000000000010ac        0xc CMakeFiles/Warp.dir/home/diya/Desktop/badminton_shot_detector/Warp-firmware/build/ksdk1.1/work/demos/Warp/src/devBMX055.c.obj
                0x00000000000010ac                initBMX055mag
 .text.initBMX055gyro
                0x00000000000010b8        0xc CMakeFiles/Warp.dir/home/diya/Desktop/badminton_shot_detector/Warp-firmware/build/ksdk1.1/work/demos/Warp/src/devBMX055.c.obj
                0x00000000000010b8                initBMX055gyro
 .text.initADXL362
                0x00000000000010c4        0x8 CMakeFiles/Warp.dir/home/diya/Desktop/badminton_shot_detector/Warp-firmware/build/ksdk1.1/work/demos/Warp/src/devADXL362.c.obj
                0x00000000000010c4                initADXL362
 .text.initMMA8451Q
                0x00000000000010cc        0xa CMakeFiles/Warp.dir/home/diya/Desktop/badminton_shot_detector/Warp-firmware/build/ksdk1.1/work/demos/Warp/src/devMMA8451Q.c.obj
                0x00000000000010cc                initMMA8451Q
 .text.initLPS25H
                0x00000000000010d6        0x8 CMakeFiles/Warp.dir/home/diya/Desktop/badminton_shot_detector/Warp-firmware/build/ksdk1.1/work/demos/Warp/src/devLPS25H.c.obj
                0x00000000000010d6                initLPS25H
 .text.initHDC1000
                0x00000000000010de        0x8 CMakeFiles/Warp.dir/home/diya/Desktop/badminton_shot_detector/Warp-firmware/build/ksdk1.1/work/demos/Warp/src/devHDC1000.c.obj
                0x00000000000010de                initHDC1000
 *fill*         0x00000000000010e6        0x2 
 .text.initMAG3110
                0x00000000000010e8        0xc CMakeFiles/Warp.dir/home/diya/Desktop/badminton_shot_detector/Warp-firmware/build/ksdk1.1/work/demos/Warp/src/devMAG3110.c.obj
                0x00000000000010e8                initMAG3110
 .text.initSI7021
                0x00000000000010f4        0x8 CMakeFiles/Warp.dir/home/diya/Desktop/badminton_shot_detector/Warp-firmware/build/ksdk1.1/work/demos/Warp/src/devSI7021.c.obj
                0x00000000000010f4                initSI7021
 .text.initL3GD20H
                0x00000000000010fc        0xc CMakeFiles/Warp.dir/home/diya/Desktop/badminton_shot_detector/Warp-firmware/build/ksdk1.1/work/demos/Warp/src/devL3GD20H.c.obj
                0x00000000000010fc                initL3GD20H
 .text.initBME680
                0x0000000000001108        0x8 CMakeFiles/Warp.dir/home/diya/Desktop/badminton_shot_detector/Warp-firmware/build/ksdk1.1/work/demos/Warp/src/devBME680.c.obj
                0x0000000000001108                initBME680
 .text.initTCS34725
                0x0000000000001110        0x8 CMakeFiles/Warp.dir/home/diya/Desktop/badminton_shot_detector/Warp-firmware/build/ksdk1.1/work/demos/Warp/src/devTCS34725.c.obj
                0x0000000000001110                initTCS34725
 .text.initSI4705
                0x0000000000001118        0xc CMakeFiles/Warp.dir/home/diya/Desktop/badminton_shot_detector/Warp-firmware/build/ksdk1.1/work/demos/Warp/src/devSI4705.c.obj
                0x0000000000001118                initSI4705
 .text.initAMG8834
                0x0000000000001124        0x8 CMakeFiles/Warp.dir/home/diya/Desktop/badminton_shot_detector/Warp-firmware/build/ksdk1.1/work/demos/Warp/src/devAMG8834.c.obj
                0x0000000000001124                initAMG8834
 .text.initAS7262
                0x000000000000112c        0xc CMakeFiles/Warp.dir/home/diya/Desktop/badminton_shot_detector/Warp-firmware/build/ksdk1.1/work/demos/Warp/src/devAS7262.c.obj
                0x000000000000112c                initAS7262
 .text.initAS7263
                0x0000000000001138        0xc CMakeFiles/Warp.dir/home/diya/Desktop/badminton_shot_detector/Warp-firmware/build/ksdk1.1/work/demos/Warp/src/devAS7263.c.obj
                0x0000000000001138                initAS7263
 .text.writeCommand
                0x0000000000001144       0x4c CMakeFiles/Warp.dir/home/diya/Desktop/badminton_shot_detector/Warp-firmware/build/ksdk1.1/work/demos/Warp/src/devSSD1331.c.obj
 .text.devSSD1331init
                0x0000000000001190      0x1c4 CMakeFiles/Warp.dir/home/diya/Desktop/badminton_shot_detector/Warp-firmware/build/ksdk1.1/work/demos/Warp/src/devSSD1331.c.obj
                0x0000000000001190                devSSD1331init
 .text.initINA219
                0x0000000000001354        0x4 CMakeFiles/Warp.dir/home/diya/Desktop/badminton_shot_detector/Warp-firmware/build/ksdk1.1/work/demos/Warp/src/devINA219.c.obj
                0x0000000000001354                initINA219
 .text.initMPU6050
                0x0000000000001358        0xa CMakeFiles/Warp.dir/home/diya/Desktop/badminton_shot_detector/Warp-firmware/build/ksdk1.1/work/demos/Warp/src/devMPU6050.c.obj
                0x0000000000001358                initMPU6050
 *fill*         0x0000000000001362        0x2 
 .text.readSensorRegisterMPU6050
                0x0000000000001364       0x74 CMakeFiles/Warp.dir/home/diya/Desktop/badminton_shot_detector/Warp-firmware/build/ksdk1.1/work/demos/Warp/src/devMPU6050.c.obj
                0x0000000000001364                readSensorRegisterMPU6050
 .text.print_accelerations
                0x00000000000013d8       0x64 CMakeFiles/Warp.dir/home/diya/Desktop/badminton_shot_detector/Warp-firmware/build/ksdk1.1/work/demos/Warp/src/devMPU6050.c.obj
                0x00000000000013d8                print_accelerations
 .text.init_adc
                0x000000000000143c       0x4e CMakeFiles/Warp.dir/home/diya/Desktop/badminton_shot_detector/Warp-firmware/build/ksdk1.1/work/demos/Warp/src/devINMP401.c.obj
                0x000000000000143c                init_adc
 *fill*         0x000000000000148a        0x2 
 .text.devINMP401init
                0x000000000000148c       0x38 CMakeFiles/Warp.dir/home/diya/Desktop/badminton_shot_detector/Warp-firmware/build/ksdk1.1/work/demos/Warp/src/devINMP401.c.obj
                0x000000000000148c                devINMP401init
 .text._GetAvailWriteSpace
                0x00000000000014c4       0x16 CMakeFiles/Warp.dir/home/diya/Desktop/badminton_shot_detector/Warp-firmware/build/ksdk1.1/work/demos/Warp/src/SEGGER_RTT.c.obj
 .text._WriteNoCheck
                0x00000000000014da       0x38 CMakeFiles/Warp.dir/home/diya/Desktop/badminton_shot_detector/Warp-firmware/build/ksdk1.1/work/demos/Warp/src/SEGGER_RTT.c.obj
 .text._WriteBlocking
                0x0000000000001512       0x5c CMakeFiles/Warp.dir/home/diya/Desktop/badminton_shot_detector/Warp-firmware/build/ksdk1.1/work/demos/Warp/src/SEGGER_RTT.c.obj
 *fill*         0x000000000000156e        0x2 
 .text._DoInit  0x0000000000001570       0x60 CMakeFiles/Warp.dir/home/diya/Desktop/badminton_shot_detector/Warp-firmware/build/ksdk1.1/work/demos/Warp/src/SEGGER_RTT.c.obj
 .text.SEGGER_RTT_WriteNoLock
                0x00000000000015d0       0x60 CMakeFiles/Warp.dir/home/diya/Desktop/badminton_shot_detector/Warp-firmware/build/ksdk1.1/work/demos/Warp/src/SEGGER_RTT.c.obj
                0x00000000000015d0                SEGGER_RTT_WriteNoLock
 .text.SEGGER_RTT_Write
                0x0000000000001630       0x34 CMakeFiles/Warp.dir/home/diya/Desktop/badminton_shot_detector/Warp-firmware/build/ksdk1.1/work/demos/Warp/src/SEGGER_RTT.c.obj
                0x0000000000001630                SEGGER_RTT_Write
 .text.SEGGER_RTT_WriteString
                0x0000000000001664       0x18 CMakeFiles/Warp.dir/home/diya/Desktop/badminton_shot_detector/Warp-firmware/build/ksdk1.1/work/demos/Warp/src/SEGGER_RTT.c.obj
                0x0000000000001664                SEGGER_RTT_WriteString
 .text.SEGGER_RTT_ConfigUpBuffer
                0x000000000000167c       0x60 CMakeFiles/Warp.dir/home/diya/Desktop/badminton_shot_detector/Warp-firmware/build/ksdk1.1/work/demos/Warp/src/SEGGER_RTT.c.obj
                0x000000000000167c                SEGGER_RTT_ConfigUpBuffer
 .text._StoreChar
                0x00000000000016dc       0x3e CMakeFiles/Warp.dir/home/diya/Desktop/badminton_shot_detector/Warp-firmware/build/ksdk1.1/work/demos/Warp/src/SEGGER_RTT_printf.c.obj
 *fill*         0x000000000000171a        0x2 
 .text._PrintUnsigned
                0x000000000000171c       0xe0 CMakeFiles/Warp.dir/home/diya/Desktop/badminton_shot_detector/Warp-firmware/build/ksdk1.1/work/demos/Warp/src/SEGGER_RTT_printf.c.obj
 .text.SEGGER_RTT_vprintf
                0x00000000000017fc      0x25c CMakeFiles/Warp.dir/home/diya/Desktop/badminton_shot_detector/Warp-firmware/build/ksdk1.1/work/demos/Warp/src/SEGGER_RTT_printf.c.obj
                0x00000000000017fc                SEGGER_RTT_vprintf
 .text.SEGGER_RTT_printf
                0x0000000000001a58       0x18 CMakeFiles/Warp.dir/home/diya/Desktop/badminton_shot_detector/Warp-firmware/build/ksdk1.1/work/demos/Warp/src/SEGGER_RTT_printf.c.obj
                0x0000000000001a58                SEGGER_RTT_printf
 .text.I2C0_IRQHandler
                0x0000000000001a70        0xa CMakeFiles/Warp.dir/home/diya/Desktop/badminton_shot_detector/Warp-firmware/build/ksdk1.1/work/platform/drivers/src/i2c/fsl_i2c_irq.c.obj
                0x0000000000001a70                I2C0_IRQHandler
 .text.SPI0_IRQHandler
                0x0000000000001a7a        0xa CMakeFiles/Warp.dir/home/diya/Desktop/badminton_shot_detector/Warp-firmware/build/ksdk1.1/work/platform/drivers/src/spi/fsl_spi_irq.c.obj
                0x0000000000001a7a                SPI0_IRQHandler
 .text.SystemInit
                0x0000000000001a84       0x84 CMakeFiles/Warp.dir/home/diya/Desktop/badminton_shot_detector/Warp-firmware/build/ksdk1.1/work/platform/startup/MKL03Z4/system_MKL03Z4.c.obj
                0x0000000000001a84                SystemInit
 .text.init_data_bss
                0x0000000000001b08       0x7c CMakeFiles/Warp.dir/home/diya/Desktop/badminton_shot_detector/Warp-firmware/build/ksdk1.1/work/platform/startup/startup.c.obj
                0x0000000000001b08                init_data_bss
 .text.OSA_SemaCreate
                0x0000000000001b84        0xe ../../../../lib/ksdk_platform_lib/armgcc/KL03Z4/release/libksdk_platform.a(fsl_os_abstraction_bm.c.obj)
                0x0000000000001b84                OSA_SemaCreate
 .text.OSA_SemaPost
                0x0000000000001b92       0x20 ../../../../lib/ksdk_platform_lib/armgcc/KL03Z4/release/libksdk_platform.a(fsl_os_abstraction_bm.c.obj)
                0x0000000000001b92                OSA_SemaPost
 .text.OSA_SemaDestroy
                0x0000000000001bb2        0x4 ../../../../lib/ksdk_platform_lib/armgcc/KL03Z4/release/libksdk_platform.a(fsl_os_abstraction_bm.c.obj)
                0x0000000000001bb2                OSA_SemaDestroy
 .text.OSA_EventSet
                0x0000000000001bb6       0x18 ../../../../lib/ksdk_platform_lib/armgcc/KL03Z4/release/libksdk_platform.a(fsl_os_abstraction_bm.c.obj)
                0x0000000000001bb6                OSA_EventSet
 *fill*         0x0000000000001bce        0x2 
 .text.task_init
                0x0000000000001bd0       0x38 ../../../../lib/ksdk_platform_lib/armgcc/KL03Z4/release/libksdk_platform.a(fsl_os_abstraction_bm.c.obj)
                0x0000000000001bd0                task_init
 .text.OSA_TimeGetMsec
                0x0000000000001c08       0x10 ../../../../lib/ksdk_platform_lib/armgcc/KL03Z4/release/libksdk_platform.a(fsl_os_abstraction_bm.c.obj)
                0x0000000000001c08                OSA_TimeGetMsec
 .text.OSA_SemaWait
                0x0000000000001c18       0x78 ../../../../lib/ksdk_platform_lib/armgcc/KL03Z4/release/libksdk_platform.a(fsl_os_abstraction_bm.c.obj)
                0x0000000000001c18                OSA_SemaWait
 .text.OSA_TimeDelay
                0x0000000000001c90       0x24 ../../../../lib/ksdk_platform_lib/armgcc/KL03Z4/release/libksdk_platform.a(fsl_os_abstraction_bm.c.obj)
                0x0000000000001c90                OSA_TimeDelay
 .text.OSA_EnterCritical
                0x0000000000001cb4        0xc ../../../../lib/ksdk_platform_lib/armgcc/KL03Z4/release/libksdk_platform.a(fsl_os_abstraction_bm.c.obj)
                0x0000000000001cb4                OSA_EnterCritical
 .text.OSA_ExitCritical
                0x0000000000001cc0        0xc ../../../../lib/ksdk_platform_lib/armgcc/KL03Z4/release/libksdk_platform.a(fsl_os_abstraction_bm.c.obj)
                0x0000000000001cc0                OSA_ExitCritical
 .text.OSA_Init
                0x0000000000001ccc       0x48 ../../../../lib/ksdk_platform_lib/armgcc/KL03Z4/release/libksdk_platform.a(fsl_os_abstraction_bm.c.obj)
                0x0000000000001ccc                OSA_Init
 .text.CLOCK_SYS_Init
                0x0000000000001d14       0x18 ../../../../lib/ksdk_platform_lib/armgcc/KL03Z4/release/libksdk_platform.a(fsl_clock_manager.c.obj)
                0x0000000000001d14                CLOCK_SYS_Init
 .text.CLOCK_SYS_UpdateConfiguration
                0x0000000000001d2c      0x110 ../../../../lib/ksdk_platform_lib/armgcc/KL03Z4/release/libksdk_platform.a(fsl_clock_manager.c.obj)
                0x0000000000001d2c                CLOCK_SYS_UpdateConfiguration
 .text.CLOCK_SYS_GetCurrentConfiguration
                0x0000000000001e3c        0xc ../../../../lib/ksdk_platform_lib/armgcc/KL03Z4/release/libksdk_platform.a(fsl_clock_manager.c.obj)
                0x0000000000001e3c                CLOCK_SYS_GetCurrentConfiguration
 .text.CLOCK_SYS_SetMcgliteMode
                0x0000000000001e48       0x80 ../../../../lib/ksdk_platform_lib/armgcc/KL03Z4/release/libksdk_platform.a(fsl_clock_manager.c.obj)
                0x0000000000001e48                CLOCK_SYS_SetMcgliteMode
 .text.SIM_HAL_GetGateCmd.constprop.4
                0x0000000000001ec8       0x24 ../../../../lib/ksdk_platform_lib/armgcc/KL03Z4/release/libksdk_platform.a(fsl_clock_MKL03Z4.c.obj)
 .text.SIM_HAL_DisableClock.constprop.5
                0x0000000000001eec       0x20 ../../../../lib/ksdk_platform_lib/armgcc/KL03Z4/release/libksdk_platform.a(fsl_clock_MKL03Z4.c.obj)
 .text.SIM_HAL_EnableClock.constprop.6
                0x0000000000001f0c       0x24 ../../../../lib/ksdk_platform_lib/armgcc/KL03Z4/release/libksdk_platform.a(fsl_clock_MKL03Z4.c.obj)
 .text.CLOCK_SYS_SetConfiguration
                0x0000000000001f30       0x58 ../../../../lib/ksdk_platform_lib/armgcc/KL03Z4/release/libksdk_platform.a(fsl_clock_MKL03Z4.c.obj)
                0x0000000000001f30                CLOCK_SYS_SetConfiguration
 .text.CLOCK_SYS_GetCoreClockFreq
                0x0000000000001f88       0x20 ../../../../lib/ksdk_platform_lib/armgcc/KL03Z4/release/libksdk_platform.a(fsl_clock_MKL03Z4.c.obj)
                0x0000000000001f88                CLOCK_SYS_GetCoreClockFreq
 .text.CLOCK_SYS_GetSystemClockFreq
                0x0000000000001fa8       0x20 ../../../../lib/ksdk_platform_lib/armgcc/KL03Z4/release/libksdk_platform.a(fsl_clock_MKL03Z4.c.obj)
                0x0000000000001fa8                CLOCK_SYS_GetSystemClockFreq
 .text.CLOCK_SYS_GetBusClockFreq
                0x0000000000001fc8       0x20 ../../../../lib/ksdk_platform_lib/armgcc/KL03Z4/release/libksdk_platform.a(fsl_clock_MKL03Z4.c.obj)
                0x0000000000001fc8                CLOCK_SYS_GetBusClockFreq
 .text.CLOCK_SYS_GetFlashClockFreq
                0x0000000000001fe8       0x20 ../../../../lib/ksdk_platform_lib/armgcc/KL03Z4/release/libksdk_platform.a(fsl_clock_MKL03Z4.c.obj)
                0x0000000000001fe8                CLOCK_SYS_GetFlashClockFreq
 .text.CLOCK_SYS_GetExternalRefClock32kFreq
                0x0000000000002008       0x40 ../../../../lib/ksdk_platform_lib/armgcc/KL03Z4/release/libksdk_platform.a(fsl_clock_MKL03Z4.c.obj)
                0x0000000000002008                CLOCK_SYS_GetExternalRefClock32kFreq
 .text.CLOCK_SYS_GetRtcFreq
                0x0000000000002048        0x8 ../../../../lib/ksdk_platform_lib/armgcc/KL03Z4/release/libksdk_platform.a(fsl_clock_MKL03Z4.c.obj)
                0x0000000000002048                CLOCK_SYS_GetRtcFreq
 .text.CLOCK_SYS_EnablePortClock
                0x0000000000002050       0x10 ../../../../lib/ksdk_platform_lib/armgcc/KL03Z4/release/libksdk_platform.a(fsl_clock_MKL03Z4.c.obj)
                0x0000000000002050                CLOCK_SYS_EnablePortClock
 .text.CLOCK_SYS_EnableAdcClock
                0x0000000000002060        0xa ../../../../lib/ksdk_platform_lib/armgcc/KL03Z4/release/libksdk_platform.a(fsl_clock_MKL03Z4.c.obj)
                0x0000000000002060                CLOCK_SYS_EnableAdcClock
 .text.CLOCK_SYS_GetAdcGateCmd
                0x000000000000206a        0xa ../../../../lib/ksdk_platform_lib/armgcc/KL03Z4/release/libksdk_platform.a(fsl_clock_MKL03Z4.c.obj)
                0x000000000000206a                CLOCK_SYS_GetAdcGateCmd
 .text.CLOCK_SYS_EnableSpiClock
                0x0000000000002074        0xa ../../../../lib/ksdk_platform_lib/armgcc/KL03Z4/release/libksdk_platform.a(fsl_clock_MKL03Z4.c.obj)
                0x0000000000002074                CLOCK_SYS_EnableSpiClock
 .text.CLOCK_SYS_EnableI2cClock
                0x000000000000207e        0xa ../../../../lib/ksdk_platform_lib/armgcc/KL03Z4/release/libksdk_platform.a(fsl_clock_MKL03Z4.c.obj)
                0x000000000000207e                CLOCK_SYS_EnableI2cClock
 .text.CLOCK_SYS_DisableI2cClock
                0x0000000000002088        0xa ../../../../lib/ksdk_platform_lib/armgcc/KL03Z4/release/libksdk_platform.a(fsl_clock_MKL03Z4.c.obj)
                0x0000000000002088                CLOCK_SYS_DisableI2cClock
 *fill*         0x0000000000002092        0x2 
 .text.INT_SYS_EnableIRQGlobal
                0x0000000000002094       0x18 ../../../../lib/ksdk_platform_lib/armgcc/KL03Z4/release/libksdk_platform.a(fsl_interrupt_manager.c.obj)
                0x0000000000002094                INT_SYS_EnableIRQGlobal
 .text.INT_SYS_DisableIRQGlobal
                0x00000000000020ac       0x10 ../../../../lib/ksdk_platform_lib/armgcc/KL03Z4/release/libksdk_platform.a(fsl_interrupt_manager.c.obj)
                0x00000000000020ac                INT_SYS_DisableIRQGlobal
 .text.POWER_SYS_WaitForRunStatus
                0x00000000000020bc       0x3c ../../../../lib/ksdk_platform_lib/armgcc/KL03Z4/release/libksdk_platform.a(fsl_power_manager.c.obj)
 .text.POWER_SYS_WaitForVlprStatus
                0x00000000000020f8       0x24 ../../../../lib/ksdk_platform_lib/armgcc/KL03Z4/release/libksdk_platform.a(fsl_power_manager.c.obj)
 .text.POWER_SYS_Init
                0x000000000000211c       0x48 ../../../../lib/ksdk_platform_lib/armgcc/KL03Z4/release/libksdk_platform.a(fsl_power_manager.c.obj)
                0x000000000000211c                POWER_SYS_Init
 .text.POWER_SYS_SetMode
                0x0000000000002164      0x2e4 ../../../../lib/ksdk_platform_lib/armgcc/KL03Z4/release/libksdk_platform.a(fsl_power_manager.c.obj)
                0x0000000000002164                POWER_SYS_SetMode
 .text.POWER_SYS_GetCurrentMode
                0x0000000000002448       0x20 ../../../../lib/ksdk_platform_lib/armgcc/KL03Z4/release/libksdk_platform.a(fsl_power_manager.c.obj)
                0x0000000000002448                POWER_SYS_GetCurrentMode
 .text.ADC16_DRV_GetAutoCalibrationParam
                0x0000000000002468       0xb4 ../../../../lib/ksdk_platform_lib/armgcc/KL03Z4/release/libksdk_platform.a(fsl_adc16_driver.c.obj)
                0x0000000000002468                ADC16_DRV_GetAutoCalibrationParam
 .text.ADC16_DRV_SetCalibrationParam
                0x000000000000251c       0x44 ../../../../lib/ksdk_platform_lib/armgcc/KL03Z4/release/libksdk_platform.a(fsl_adc16_driver.c.obj)
                0x000000000000251c                ADC16_DRV_SetCalibrationParam
 .text.ADC16_DRV_StructInitUserConfigDefault
                0x0000000000002560       0x24 ../../../../lib/ksdk_platform_lib/armgcc/KL03Z4/release/libksdk_platform.a(fsl_adc16_driver.c.obj)
                0x0000000000002560                ADC16_DRV_StructInitUserConfigDefault
 .text.ADC16_DRV_Init
                0x0000000000002584       0xe8 ../../../../lib/ksdk_platform_lib/armgcc/KL03Z4/release/libksdk_platform.a(fsl_adc16_driver.c.obj)
                0x0000000000002584                ADC16_DRV_Init
 .text.ADC16_DRV_ConfigConvChn
                0x000000000000266c       0x48 ../../../../lib/ksdk_platform_lib/armgcc/KL03Z4/release/libksdk_platform.a(fsl_adc16_driver.c.obj)
                0x000000000000266c                ADC16_DRV_ConfigConvChn
 .text.ADC16_DRV_GetConvValueRAW
                0x00000000000026b4       0x20 ../../../../lib/ksdk_platform_lib/armgcc/KL03Z4/release/libksdk_platform.a(fsl_adc16_driver.c.obj)
                0x00000000000026b4                ADC16_DRV_GetConvValueRAW
 .text.GPIO_DRV_InputPinInit
                0x00000000000026d4       0x8c ../../../../lib/ksdk_platform_lib/armgcc/KL03Z4/release/libksdk_platform.a(fsl_gpio_driver.c.obj)
                0x00000000000026d4                GPIO_DRV_InputPinInit
 .text.GPIO_DRV_OutputPinInit
                0x0000000000002760       0x58 ../../../../lib/ksdk_platform_lib/armgcc/KL03Z4/release/libksdk_platform.a(fsl_gpio_driver.c.obj)
                0x0000000000002760                GPIO_DRV_OutputPinInit
 .text.GPIO_DRV_Init
                0x00000000000027b8       0x36 ../../../../lib/ksdk_platform_lib/armgcc/KL03Z4/release/libksdk_platform.a(fsl_gpio_driver.c.obj)
                0x00000000000027b8                GPIO_DRV_Init
 *fill*         0x00000000000027ee        0x2 
 .text.GPIO_DRV_SetPinOutput
                0x00000000000027f0       0x1c ../../../../lib/ksdk_platform_lib/armgcc/KL03Z4/release/libksdk_platform.a(fsl_gpio_driver.c.obj)
                0x00000000000027f0                GPIO_DRV_SetPinOutput
 .text.GPIO_DRV_ClearPinOutput
                0x000000000000280c       0x1c ../../../../lib/ksdk_platform_lib/armgcc/KL03Z4/release/libksdk_platform.a(fsl_gpio_driver.c.obj)
                0x000000000000280c                GPIO_DRV_ClearPinOutput
 .text.I2C_DRV_IRQHandler
                0x0000000000002828       0x28 ../../../../lib/ksdk_platform_lib/armgcc/KL03Z4/release/libksdk_platform.a(fsl_i2c_shared_function.c.obj)
                0x0000000000002828                I2C_DRV_IRQHandler
 .text.I2C_HAL_WriteByte
                0x0000000000002850       0x14 ../../../../lib/ksdk_platform_lib/armgcc/KL03Z4/release/libksdk_platform.a(fsl_i2c_master_driver.c.obj)
 .text.I2C_DRV_MasterWait
                0x0000000000002864       0x2c ../../../../lib/ksdk_platform_lib/armgcc/KL03Z4/release/libksdk_platform.a(fsl_i2c_master_driver.c.obj)
 .text.I2C_DRV_SendAddress.isra.1
                0x0000000000002890       0xf0 ../../../../lib/ksdk_platform_lib/armgcc/KL03Z4/release/libksdk_platform.a(fsl_i2c_master_driver.c.obj)
 .text.I2C_DRV_CompleteTransfer
                0x0000000000002980       0x4c ../../../../lib/ksdk_platform_lib/armgcc/KL03Z4/release/libksdk_platform.a(fsl_i2c_master_driver.c.obj)
 .text.I2C_DRV_MasterInit
                0x00000000000029cc       0x78 ../../../../lib/ksdk_platform_lib/armgcc/KL03Z4/release/libksdk_platform.a(fsl_i2c_master_driver.c.obj)
                0x00000000000029cc                I2C_DRV_MasterInit
 .text.I2C_DRV_MasterDeinit
                0x0000000000002a44       0x50 ../../../../lib/ksdk_platform_lib/armgcc/KL03Z4/release/libksdk_platform.a(fsl_i2c_master_driver.c.obj)
                0x0000000000002a44                I2C_DRV_MasterDeinit
 .text.I2C_DRV_MasterSetBaudRate
                0x0000000000002a94       0x34 ../../../../lib/ksdk_platform_lib/armgcc/KL03Z4/release/libksdk_platform.a(fsl_i2c_master_driver.c.obj)
                0x0000000000002a94                I2C_DRV_MasterSetBaudRate
 .text.I2C_DRV_MasterSend
                0x0000000000002ac8       0xdc ../../../../lib/ksdk_platform_lib/armgcc/KL03Z4/release/libksdk_platform.a(fsl_i2c_master_driver.c.obj)
 .text.I2C_DRV_MasterReceive
                0x0000000000002ba4       0xec ../../../../lib/ksdk_platform_lib/armgcc/KL03Z4/release/libksdk_platform.a(fsl_i2c_master_driver.c.obj)
 .text.I2C_DRV_MasterSendDataBlocking
                0x0000000000002c90       0x1a ../../../../lib/ksdk_platform_lib/armgcc/KL03Z4/release/libksdk_platform.a(fsl_i2c_master_driver.c.obj)
                0x0000000000002c90                I2C_DRV_MasterSendDataBlocking
 .text.I2C_DRV_MasterReceiveDataBlocking
                0x0000000000002caa       0x1a ../../../../lib/ksdk_platform_lib/armgcc/KL03Z4/release/libksdk_platform.a(fsl_i2c_master_driver.c.obj)
                0x0000000000002caa                I2C_DRV_MasterReceiveDataBlocking
 .text.I2C_DRV_MasterIRQHandler
                0x0000000000002cc4       0xa0 ../../../../lib/ksdk_platform_lib/armgcc/KL03Z4/release/libksdk_platform.a(fsl_i2c_master_driver.c.obj)
                0x0000000000002cc4                I2C_DRV_MasterIRQHandler
 .text.I2C_HAL_ClearInt
                0x0000000000002d64        0xe ../../../../lib/ksdk_platform_lib/armgcc/KL03Z4/release/libksdk_platform.a(fsl_i2c_slave_driver.c.obj)
 *fill*         0x0000000000002d72        0x2 
 .text.I2C_DRV_SlaveIRQHandler
                0x0000000000002d74      0x250 ../../../../lib/ksdk_platform_lib/armgcc/KL03Z4/release/libksdk_platform.a(fsl_i2c_slave_driver.c.obj)
                0x0000000000002d74                I2C_DRV_SlaveIRQHandler
 .text.CLOCK_HAL_GetLircClk
                0x0000000000002fc4       0x30 ../../../../lib/ksdk_platform_lib/armgcc/KL03Z4/release/libksdk_platform.a(fsl_mcglite_hal.c.obj)
                0x0000000000002fc4                CLOCK_HAL_GetLircClk
 .text.CLOCK_HAL_GetOutClk
                0x0000000000002ff4       0x48 ../../../../lib/ksdk_platform_lib/armgcc/KL03Z4/release/libksdk_platform.a(fsl_mcglite_hal.c.obj)
                0x0000000000002ff4                CLOCK_HAL_GetOutClk
 .text.CLOCK_HAL_GetMode
                0x000000000000303c       0x34 ../../../../lib/ksdk_platform_lib/armgcc/KL03Z4/release/libksdk_platform.a(fsl_mcglite_hal_modes.c.obj)
                0x000000000000303c                CLOCK_HAL_GetMode
 .text.CLOCK_HAL_SetHircMode
                0x0000000000003070       0x38 ../../../../lib/ksdk_platform_lib/armgcc/KL03Z4/release/libksdk_platform.a(fsl_mcglite_hal_modes.c.obj)
                0x0000000000003070                CLOCK_HAL_SetHircMode
 .text.CLOCK_HAL_SetLircMode
                0x00000000000030a8       0x84 ../../../../lib/ksdk_platform_lib/armgcc/KL03Z4/release/libksdk_platform.a(fsl_mcglite_hal_modes.c.obj)
                0x00000000000030a8                CLOCK_HAL_SetLircMode
 .text.CLOCK_HAL_SetExtMode
                0x000000000000312c       0x38 ../../../../lib/ksdk_platform_lib/armgcc/KL03Z4/release/libksdk_platform.a(fsl_mcglite_hal_modes.c.obj)
                0x000000000000312c                CLOCK_HAL_SetExtMode
 .text.OSC_HAL_SetExternalRefClkCmd
                0x0000000000003164        0xe ../../../../lib/ksdk_platform_lib/armgcc/KL03Z4/release/libksdk_platform.a(fsl_osc_hal.c.obj)
                0x0000000000003164                OSC_HAL_SetExternalRefClkCmd
 .text.OSC_HAL_SetExternalRefClkInStopModeCmd
                0x0000000000003172        0xe ../../../../lib/ksdk_platform_lib/armgcc/KL03Z4/release/libksdk_platform.a(fsl_osc_hal.c.obj)
                0x0000000000003172                OSC_HAL_SetExternalRefClkInStopModeCmd
 .text.RTC_HAL_ConvertSecsToDatetime
                0x0000000000003180       0x9c ../../../../lib/ksdk_platform_lib/armgcc/KL03Z4/release/libksdk_platform.a(fsl_rtc_hal.c.obj)
                0x0000000000003180                RTC_HAL_ConvertSecsToDatetime
 .text.RTC_HAL_IsDatetimeCorrectFormat
                0x000000000000321c       0x54 ../../../../lib/ksdk_platform_lib/armgcc/KL03Z4/release/libksdk_platform.a(fsl_rtc_hal.c.obj)
                0x000000000000321c                RTC_HAL_IsDatetimeCorrectFormat
 .text.RTC_HAL_ConvertDatetimeToSecs
                0x0000000000003270       0x58 ../../../../lib/ksdk_platform_lib/armgcc/KL03Z4/release/libksdk_platform.a(fsl_rtc_hal.c.obj)
                0x0000000000003270                RTC_HAL_ConvertDatetimeToSecs
 .text.RTC_HAL_Enable
                0x00000000000032c8       0x28 ../../../../lib/ksdk_platform_lib/armgcc/KL03Z4/release/libksdk_platform.a(fsl_rtc_hal.c.obj)
                0x00000000000032c8                RTC_HAL_Enable
 .text.RTC_HAL_Init
                0x00000000000032f0       0x38 ../../../../lib/ksdk_platform_lib/armgcc/KL03Z4/release/libksdk_platform.a(fsl_rtc_hal.c.obj)
                0x00000000000032f0                RTC_HAL_Init
 .text.RTC_HAL_SetDatetimeInsecs
                0x0000000000003328       0x18 ../../../../lib/ksdk_platform_lib/armgcc/KL03Z4/release/libksdk_platform.a(fsl_rtc_hal.c.obj)
                0x0000000000003328                RTC_HAL_SetDatetimeInsecs
 .text.RTC_HAL_GetDatetimeInSecs
                0x0000000000003340        0x6 ../../../../lib/ksdk_platform_lib/armgcc/KL03Z4/release/libksdk_platform.a(fsl_rtc_hal.c.obj)
                0x0000000000003340                RTC_HAL_GetDatetimeInSecs
 *fill*         0x0000000000003346        0x2 
 .text.RTC_DRV_Init
                0x0000000000003348       0x5c ../../../../lib/ksdk_platform_lib/armgcc/KL03Z4/release/libksdk_platform.a(fsl_rtc_driver.c.obj)
                0x0000000000003348                RTC_DRV_Init
 .text.RTC_DRV_SetDatetime
                0x00000000000033a4       0x50 ../../../../lib/ksdk_platform_lib/armgcc/KL03Z4/release/libksdk_platform.a(fsl_rtc_driver.c.obj)
                0x00000000000033a4                RTC_DRV_SetDatetime
 .text.RTC_DRV_GetDatetime
                0x00000000000033f4       0x58 ../../../../lib/ksdk_platform_lib/armgcc/KL03Z4/release/libksdk_platform.a(fsl_rtc_driver.c.obj)
                0x00000000000033f4                RTC_DRV_GetDatetime
 .text.RTC_DRV_SetAlarm
                0x000000000000344c       0x6c ../../../../lib/ksdk_platform_lib/armgcc/KL03Z4/release/libksdk_platform.a(fsl_rtc_driver.c.obj)
                0x000000000000344c                RTC_DRV_SetAlarm
 .text.RTC_DRV_SetAlarmIntCmd
                0x00000000000034b8       0x18 ../../../../lib/ksdk_platform_lib/armgcc/KL03Z4/release/libksdk_platform.a(fsl_rtc_driver.c.obj)
                0x00000000000034b8                RTC_DRV_SetAlarmIntCmd
 .text.RTC_DRV_IsAlarmPending
                0x00000000000034d0       0x1c ../../../../lib/ksdk_platform_lib/armgcc/KL03Z4/release/libksdk_platform.a(fsl_rtc_driver.c.obj)
                0x00000000000034d0                RTC_DRV_IsAlarmPending
 .text.CLOCK_HAL_SetOutDiv
                0x00000000000034ec       0x1c ../../../../lib/ksdk_platform_lib/armgcc/KL03Z4/release/libksdk_platform.a(fsl_sim_hal_MKL03Z4.c.obj)
                0x00000000000034ec                CLOCK_HAL_SetOutDiv
 .text.SPI_DRV_IRQHandler
                0x0000000000003508       0x28 ../../../../lib/ksdk_platform_lib/armgcc/KL03Z4/release/libksdk_platform.a(fsl_spi_shared_function.c.obj)
                0x0000000000003508                SPI_DRV_IRQHandler
 .text.SPI_DRV_MasterCompleteTransfer
                0x0000000000003530       0x3c ../../../../lib/ksdk_platform_lib/armgcc/KL03Z4/release/libksdk_platform.a(fsl_spi_master_driver.c.obj)
 .text.SPI_DRV_MasterInit
                0x000000000000356c       0x88 ../../../../lib/ksdk_platform_lib/armgcc/KL03Z4/release/libksdk_platform.a(fsl_spi_master_driver.c.obj)
                0x000000000000356c                SPI_DRV_MasterInit
 .text.SPI_DRV_MasterConfigureBus
                0x00000000000035f4       0x34 ../../../../lib/ksdk_platform_lib/armgcc/KL03Z4/release/libksdk_platform.a(fsl_spi_master_driver.c.obj)
                0x00000000000035f4                SPI_DRV_MasterConfigureBus
 .text.SPI_DRV_MasterStartTransfer
                0x0000000000003628       0x84 ../../../../lib/ksdk_platform_lib/armgcc/KL03Z4/release/libksdk_platform.a(fsl_spi_master_driver.c.obj)
 .text.SPI_DRV_MasterTransferBlocking
                0x00000000000036ac       0x58 ../../../../lib/ksdk_platform_lib/armgcc/KL03Z4/release/libksdk_platform.a(fsl_spi_master_driver.c.obj)
                0x00000000000036ac                SPI_DRV_MasterTransferBlocking
 .text.SPI_DRV_MasterIRQHandler
                0x0000000000003704       0x84 ../../../../lib/ksdk_platform_lib/armgcc/KL03Z4/release/libksdk_platform.a(fsl_spi_master_driver.c.obj)
                0x0000000000003704                SPI_DRV_MasterIRQHandler
 .text.SPI_DRV_SlaveCompleteTransfer
                0x0000000000003788       0x4c ../../../../lib/ksdk_platform_lib/armgcc/KL03Z4/release/libksdk_platform.a(fsl_spi_slave_driver.c.obj)
 .text.SPI_DRV_SlaveIRQHandler
                0x00000000000037d4       0xa0 ../../../../lib/ksdk_platform_lib/armgcc/KL03Z4/release/libksdk_platform.a(fsl_spi_slave_driver.c.obj)
                0x00000000000037d4                SPI_DRV_SlaveIRQHandler
 .text.SMC_HAL_GetProtectionMode
                0x0000000000003874       0x20 ../../../../lib/ksdk_platform_lib/armgcc/KL03Z4/release/libksdk_platform.a(fsl_smc_hal.c.obj)
                0x0000000000003874                SMC_HAL_GetProtectionMode
 .text.SMC_HAL_SetRunMode
                0x0000000000003894       0x14 ../../../../lib/ksdk_platform_lib/armgcc/KL03Z4/release/libksdk_platform.a(fsl_smc_hal.c.obj)
                0x0000000000003894                SMC_HAL_SetRunMode
 .text.SMC_HAL_SetPorMode
                0x00000000000038a8       0x10 ../../../../lib/ksdk_platform_lib/armgcc/KL03Z4/release/libksdk_platform.a(fsl_smc_hal.c.obj)
                0x00000000000038a8                SMC_HAL_SetPorMode
 .text.SMC_HAL_SetPstopMode
                0x00000000000038b8       0x14 ../../../../lib/ksdk_platform_lib/armgcc/KL03Z4/release/libksdk_platform.a(fsl_smc_hal.c.obj)
                0x00000000000038b8                SMC_HAL_SetPstopMode
 .text.SMC_HAL_SetLpoMode
                0x00000000000038cc       0x10 ../../../../lib/ksdk_platform_lib/armgcc/KL03Z4/release/libksdk_platform.a(fsl_smc_hal.c.obj)
                0x00000000000038cc                SMC_HAL_SetLpoMode
 .text.SMC_HAL_SetMode
                0x00000000000038dc       0xf4 ../../../../lib/ksdk_platform_lib/armgcc/KL03Z4/release/libksdk_platform.a(fsl_smc_hal.c.obj)
                0x00000000000038dc                SMC_HAL_SetMode
 .text.SMC_HAL_GetStat
                0x00000000000039d0       0x10 ../../../../lib/ksdk_platform_lib/armgcc/KL03Z4/release/libksdk_platform.a(fsl_smc_hal.c.obj)
                0x00000000000039d0                SMC_HAL_GetStat
 .text.ADC16_HAL_Init
                0x00000000000039e0       0x10 ../../../../lib/ksdk_platform_lib/armgcc/KL03Z4/release/libksdk_platform.a(fsl_adc16_hal.c.obj)
                0x00000000000039e0                ADC16_HAL_Init
 .text.ADC16_HAL_GetAutoPlusSideGainValue
                0x00000000000039f0       0x64 ../../../../lib/ksdk_platform_lib/armgcc/KL03Z4/release/libksdk_platform.a(fsl_adc16_hal.c.obj)
                0x00000000000039f0                ADC16_HAL_GetAutoPlusSideGainValue
 .text.GPIO_HAL_SetPinDir
                0x0000000000003a54       0x20 ../../../../lib/ksdk_platform_lib/armgcc/KL03Z4/release/libksdk_platform.a(fsl_gpio_hal.c.obj)
                0x0000000000003a54                GPIO_HAL_SetPinDir
 .text.GPIO_HAL_WritePinOutput
                0x0000000000003a74       0x10 ../../../../lib/ksdk_platform_lib/armgcc/KL03Z4/release/libksdk_platform.a(fsl_gpio_hal.c.obj)
                0x0000000000003a74                GPIO_HAL_WritePinOutput
 .text.I2C_HAL_Init
                0x0000000000003a84       0x1c ../../../../lib/ksdk_platform_lib/armgcc/KL03Z4/release/libksdk_platform.a(fsl_i2c_hal.c.obj)
                0x0000000000003a84                I2C_HAL_Init
 .text.I2C_HAL_SetBaudRate
                0x0000000000003aa0       0x84 ../../../../lib/ksdk_platform_lib/armgcc/KL03Z4/release/libksdk_platform.a(fsl_i2c_hal.c.obj)
                0x0000000000003aa0                I2C_HAL_SetBaudRate
 .text.I2C_HAL_SendStart
                0x0000000000003b24       0x24 ../../../../lib/ksdk_platform_lib/armgcc/KL03Z4/release/libksdk_platform.a(fsl_i2c_hal.c.obj)
                0x0000000000003b24                I2C_HAL_SendStart
 .text.I2C_HAL_SendStop
                0x0000000000003b48       0x3a ../../../../lib/ksdk_platform_lib/armgcc/KL03Z4/release/libksdk_platform.a(fsl_i2c_hal.c.obj)
                0x0000000000003b48                I2C_HAL_SendStop
 .text.SPI_HAL_Init
                0x0000000000003b82        0xe ../../../../lib/ksdk_platform_lib/armgcc/KL03Z4/release/libksdk_platform.a(fsl_spi_hal.c.obj)
                0x0000000000003b82                SPI_HAL_Init
 .text.SPI_HAL_SetBaud
                0x0000000000003b90       0x72 ../../../../lib/ksdk_platform_lib/armgcc/KL03Z4/release/libksdk_platform.a(fsl_spi_hal.c.obj)
                0x0000000000003b90                SPI_HAL_SetBaud
 .text.SPI_HAL_SetSlaveSelectOutputMode
                0x0000000000003c02       0x26 ../../../../lib/ksdk_platform_lib/armgcc/KL03Z4/release/libksdk_platform.a(fsl_spi_hal.c.obj)
                0x0000000000003c02                SPI_HAL_SetSlaveSelectOutputMode
 .text.SPI_HAL_SetDataFormat
                0x0000000000003c28       0x26 ../../../../lib/ksdk_platform_lib/armgcc/KL03Z4/release/libksdk_platform.a(fsl_spi_hal.c.obj)
                0x0000000000003c28                SPI_HAL_SetDataFormat
 .text.SPI_HAL_SetPinMode
                0x0000000000003c4e       0x20 ../../../../lib/ksdk_platform_lib/armgcc/KL03Z4/release/libksdk_platform.a(fsl_spi_hal.c.obj)
                0x0000000000003c4e                SPI_HAL_SetPinMode
 .text.atexit   0x0000000000003c6e       0x10 /usr/lib/gcc/arm-none-eabi/4.9.3/../../../arm-none-eabi/lib/armv6-m/libc_nano.a(lib_a-atexit.o)
                0x0000000000003c6e                atexit
 *fill*         0x0000000000003c7e        0x2 
 .text.__errno  0x0000000000003c80        0xc /usr/lib/gcc/arm-none-eabi/4.9.3/../../../arm-none-eabi/lib/armv6-m/libc_nano.a(lib_a-errno.o)
                0x0000000000003c80                __errno
 .text.exit     0x0000000000003c8c       0x2c /usr/lib/gcc/arm-none-eabi/4.9.3/../../../arm-none-eabi/lib/armv6-m/libc_nano.a(lib_a-exit.o)
                0x0000000000003c8c                exit
 .text.__libc_fini_array
                0x0000000000003cb8       0x28 /usr/lib/gcc/arm-none-eabi/4.9.3/../../../arm-none-eabi/lib/armv6-m/libc_nano.a(lib_a-fini.o)
                0x0000000000003cb8                __libc_fini_array
 .text.__libc_init_array
                0x0000000000003ce0       0x4c /usr/lib/gcc/arm-none-eabi/4.9.3/../../../arm-none-eabi/lib/armv6-m/libc_nano.a(lib_a-init.o)
                0x0000000000003ce0                __libc_init_array
 .text.malloc   0x0000000000003d2c       0x14 /usr/lib/gcc/arm-none-eabi/4.9.3/../../../arm-none-eabi/lib/armv6-m/libc_nano.a(lib_a-malloc.o)
                0x0000000000003d2c                malloc
 .text.free     0x0000000000003d40       0x14 /usr/lib/gcc/arm-none-eabi/4.9.3/../../../arm-none-eabi/lib/armv6-m/libc_nano.a(lib_a-malloc.o)
                0x0000000000003d40                free
 .text.memcpy   0x0000000000003d54       0x12 /usr/lib/gcc/arm-none-eabi/4.9.3/../../../arm-none-eabi/lib/armv6-m/libc_nano.a(lib_a-memcpy.o)
                0x0000000000003d54                memcpy
 .text.memset   0x0000000000003d66       0x10 /usr/lib/gcc/arm-none-eabi/4.9.3/../../../arm-none-eabi/lib/armv6-m/libc_nano.a(lib_a-memset.o)
                0x0000000000003d66                memset
 *fill*         0x0000000000003d76        0x2 
 .text._free_r  0x0000000000003d78       0x8c /usr/lib/gcc/arm-none-eabi/4.9.3/../../../arm-none-eabi/lib/armv6-m/libc_nano.a(lib_a-nano-freer.o)
                0x0000000000003d78                _free_r
 .text._malloc_r
                0x0000000000003e04       0xb0 /usr/lib/gcc/arm-none-eabi/4.9.3/../../../arm-none-eabi/lib/armv6-m/libc_nano.a(lib_a-nano-mallocr.o)
                0x0000000000003e04                _malloc_r
 .text._sbrk_r  0x0000000000003eb4       0x24 /usr/lib/gcc/arm-none-eabi/4.9.3/../../../arm-none-eabi/lib/armv6-m/libc_nano.a(lib_a-sbrkr.o)
                0x0000000000003eb4                _sbrk_r
 .text.strcpy   0x0000000000003ed8       0x10 /usr/lib/gcc/arm-none-eabi/4.9.3/../../../arm-none-eabi/lib/armv6-m/libc_nano.a(lib_a-strcpy.o)
                0x0000000000003ed8                strcpy
 .text.strlen   0x0000000000003ee8        0xe /usr/lib/gcc/arm-none-eabi/4.9.3/../../../arm-none-eabi/lib/armv6-m/libc_nano.a(lib_a-strlen.o)
                0x0000000000003ee8                strlen
 *fill*         0x0000000000003ef6        0x2 
 .text.__register_exitproc
                0x0000000000003ef8       0xb8 /usr/lib/gcc/arm-none-eabi/4.9.3/../../../arm-none-eabi/lib/armv6-m/libc_nano.a(lib_a-__atexit.o)
                0x0000000000003ef8                __register_exitproc
 .text.__call_exitprocs
                0x0000000000003fb0       0xe8 /usr/lib/gcc/arm-none-eabi/4.9.3/../../../arm-none-eabi/lib/armv6-m/libc_nano.a(lib_a-__call_atexit.o)
                0x0000000000003fb0                __call_exitprocs
 .text._exit    0x0000000000004098        0x4 /usr/lib/gcc/arm-none-eabi/4.9.3/../../../arm-none-eabi/lib/armv6-m/libnosys.a(_exit.o)
                0x0000000000004098                _exit
 *(.rodata)
 *(.rodata*)
 .rodata.str1.1
                0x000000000000409c      0x4c0 CMakeFiles/Warp.dir/home/diya/Desktop/badminton_shot_detector/Warp-firmware/build/ksdk1.1/work/demos/Warp/src/warp-kl03-ksdk1.1-boot.c.obj
 .rodata.str1.1
                0x000000000000455c       0x1b CMakeFiles/Warp.dir/home/diya/Desktop/badminton_shot_detector/Warp-firmware/build/ksdk1.1/work/demos/Warp/src/devSSD1331.c.obj
 .rodata.str1.1
                0x0000000000004577       0x20 CMakeFiles/Warp.dir/home/diya/Desktop/badminton_shot_detector/Warp-firmware/build/ksdk1.1/work/demos/Warp/src/devMPU6050.c.obj
 .rodata.str1.1
                0x0000000000004597       0x28 CMakeFiles/Warp.dir/home/diya/Desktop/badminton_shot_detector/Warp-firmware/build/ksdk1.1/work/demos/Warp/src/devINMP401.c.obj
 .rodata.str1.1
                0x00000000000045bf       0x14 CMakeFiles/Warp.dir/home/diya/Desktop/badminton_shot_detector/Warp-firmware/build/ksdk1.1/work/demos/Warp/src/SEGGER_RTT.c.obj
 .rodata._aV2C.4345
                0x00000000000045d3       0x10 CMakeFiles/Warp.dir/home/diya/Desktop/badminton_shot_detector/Warp-firmware/build/ksdk1.1/work/demos/Warp/src/SEGGER_RTT_printf.c.obj
 .rodata.portGateTable
                0x00000000000045e3        0x2 ../../../../lib/ksdk_platform_lib/armgcc/KL03Z4/release/libksdk_platform.a(fsl_clock_MKL03Z4.c.obj)
 *fill*         0x00000000000045e5        0x3 
 .rodata.g_adcBaseAddr
                0x00000000000045e8        0x4 ../../../../lib/ksdk_platform_lib/armgcc/KL03Z4/release/libksdk_platform.a(fsl_adc16_common.c.obj)
                0x00000000000045e8                g_adcBaseAddr
 .rodata.g_adcIrqId
                0x00000000000045ec        0x1 ../../../../lib/ksdk_platform_lib/armgcc/KL03Z4/release/libksdk_platform.a(fsl_adc16_common.c.obj)
                0x00000000000045ec                g_adcIrqId
 .rodata.g_i2cIrqId
                0x00000000000045ed        0x1 ../../../../lib/ksdk_platform_lib/armgcc/KL03Z4/release/libksdk_platform.a(fsl_i2c_common.c.obj)
                0x00000000000045ed                g_i2cIrqId
 *fill*         0x00000000000045ee        0x2 
 .rodata.g_i2cBaseAddr
                0x00000000000045f0        0x4 ../../../../lib/ksdk_platform_lib/armgcc/KL03Z4/release/libksdk_platform.a(fsl_i2c_common.c.obj)
                0x00000000000045f0                g_i2cBaseAddr
 .rodata.MONTH_DAYS
                0x00000000000045f4       0x1a ../../../../lib/ksdk_platform_lib/armgcc/KL03Z4/release/libksdk_platform.a(fsl_rtc_hal.c.obj)
 .rodata.LY     0x000000000000460e        0xd ../../../../lib/ksdk_platform_lib/armgcc/KL03Z4/release/libksdk_platform.a(fsl_rtc_hal.c.obj)
 .rodata.ULY    0x000000000000461b        0xd ../../../../lib/ksdk_platform_lib/armgcc/KL03Z4/release/libksdk_platform.a(fsl_rtc_hal.c.obj)
 .rodata.g_rtcSecondsIrqId
                0x0000000000004628        0x1 ../../../../lib/ksdk_platform_lib/armgcc/KL03Z4/release/libksdk_platform.a(fsl_rtc_common.c.obj)
                0x0000000000004628                g_rtcSecondsIrqId
 .rodata.g_rtcIrqId
                0x0000000000004629        0x1 ../../../../lib/ksdk_platform_lib/armgcc/KL03Z4/release/libksdk_platform.a(fsl_rtc_common.c.obj)
                0x0000000000004629                g_rtcIrqId
 *fill*         0x000000000000462a        0x2 
 .rodata.g_rtcBaseAddr
                0x000000000000462c        0x4 ../../../../lib/ksdk_platform_lib/armgcc/KL03Z4/release/libksdk_platform.a(fsl_rtc_common.c.obj)
                0x000000000000462c                g_rtcBaseAddr
 .rodata.g_spiIrqId
                0x0000000000004630        0x1 ../../../../lib/ksdk_platform_lib/armgcc/KL03Z4/release/libksdk_platform.a(fsl_spi_common.c.obj)
                0x0000000000004630                g_spiIrqId
 *fill*         0x0000000000004631        0x3 
 .rodata.g_spiBaseAddr
                0x0000000000004634        0x4 ../../../../lib/ksdk_platform_lib/armgcc/KL03Z4/release/libksdk_platform.a(fsl_spi_common.c.obj)
                0x0000000000004634                g_spiBaseAddr
 .rodata.g_oscBaseAddr
                0x0000000000004638        0x4 ../../../../lib/ksdk_platform_lib/armgcc/KL03Z4/release/libksdk_platform.a(fsl_clock_manager_common.c.obj)
                0x0000000000004638                g_oscBaseAddr
 .rodata.g_portBaseAddr
                0x000000000000463c        0x8 ../../../../lib/ksdk_platform_lib/armgcc/KL03Z4/release/libksdk_platform.a(fsl_gpio_common.c.obj)
                0x000000000000463c                g_portBaseAddr
 .rodata.g_gpioBaseAddr
                0x0000000000004644        0x8 ../../../../lib/ksdk_platform_lib/armgcc/KL03Z4/release/libksdk_platform.a(fsl_gpio_common.c.obj)
                0x0000000000004644                g_gpioBaseAddr
 .rodata.g_portIrqId
                0x000000000000464c        0x2 ../../../../lib/ksdk_platform_lib/armgcc/KL03Z4/release/libksdk_platform.a(fsl_gpio_common.c.obj)
                0x000000000000464c                g_portIrqId
 .rodata.kI2CDividerTable
                0x000000000000464e       0xc8 ../../../../lib/ksdk_platform_lib/armgcc/KL03Z4/release/libksdk_platform.a(fsl_i2c_hal.c.obj)
                0x000000000000464e                kI2CDividerTable
 .rodata.str1.1
                0x0000000000004716        0x2 /usr/lib/gcc/arm-none-eabi/4.9.3/../../../arm-none-eabi/lib/armv6-m/libc_nano.a(lib_a-impure.o)
 .rodata._global_impure_ptr
                0x0000000000004718        0x4 /usr/lib/gcc/arm-none-eabi/4.9.3/../../../arm-none-eabi/lib/armv6-m/libc_nano.a(lib_a-impure.o)
                0x0000000000004718                _global_impure_ptr
 *(.glue_7)
 .glue_7        0x000000000000471c        0x0 linker stubs
 *(.glue_7t)
 .glue_7t       0x000000000000471c        0x0 linker stubs
 *(.eh_frame)
 .eh_frame      0x000000000000471c        0x0 /usr/lib/gcc/arm-none-eabi/4.9.3/armv6-m/crtbegin.o
 *(.init)
 .init          0x000000000000471c        0x4 /usr/lib/gcc/arm-none-eabi/4.9.3/armv6-m/crti.o
                0x000000000000471c                _init
 .init          0x0000000000004720        0x8 /usr/lib/gcc/arm-none-eabi/4.9.3/armv6-m/crtn.o
 *(.fini)
 .fini          0x0000000000004728        0x4 /usr/lib/gcc/arm-none-eabi/4.9.3/armv6-m/crti.o
                0x0000000000004728                _fini
 .fini          0x000000000000472c        0x8 /usr/lib/gcc/arm-none-eabi/4.9.3/armv6-m/crtn.o
                0x0000000000004734                . = ALIGN (0x4)

.vfp11_veneer   0x0000000000004734        0x0
 .vfp11_veneer  0x0000000000004734        0x0 linker stubs

.v4_bx          0x0000000000004734        0x0
 .v4_bx         0x0000000000004734        0x0 linker stubs

.iplt           0x0000000000004734        0x0
 .iplt          0x0000000000004734        0x0 /usr/lib/gcc/arm-none-eabi/4.9.3/armv6-m/crtbegin.o

.ARM.extab
 *(.ARM.extab* .gnu.linkonce.armextab.*)

.ARM            0x0000000000004734        0x8
                0x0000000000004734                __exidx_start = .
 *(.ARM.exidx*)
 .ARM.exidx     0x0000000000004734        0x8 /usr/lib/gcc/arm-none-eabi/4.9.3/../../../arm-none-eabi/lib/armv6-m/crt0.o
                0x000000000000473c                __exidx_end = .

.rel.dyn        0x000000000000473c        0x0
 .rel.iplt      0x000000000000473c        0x0 /usr/lib/gcc/arm-none-eabi/4.9.3/armv6-m/crtbegin.o

.ctors          0x000000000000473c        0x0
                0x000000000000473c                __CTOR_LIST__ = .
 *crtbegin.o(.ctors)
 *crtbegin?.o(.ctors)
 *(EXCLUDE_FILE(*crtend.o *crtend?.o) .ctors)
 *(SORT(.ctors.*))
 *(.ctors)
                0x000000000000473c                __CTOR_END__ = .

.dtors          0x000000000000473c        0x0
                0x000000000000473c                __DTOR_LIST__ = .
 *crtbegin.o(.dtors)
 *crtbegin?.o(.dtors)
 *(EXCLUDE_FILE(*crtend.o *crtend?.o) .dtors)
 *(SORT(.dtors.*))
 *(.dtors)
                0x000000000000473c                __DTOR_END__ = .

.preinit_array  0x000000000000473c        0x0
                0x000000000000473c                PROVIDE (__preinit_array_start, .)
 *(.preinit_array*)
                0x000000000000473c                PROVIDE (__preinit_array_end, .)

.init_array     0x000000000000473c        0x4
                0x000000000000473c                PROVIDE (__init_array_start, .)
 *(SORT(.init_array.*))
 *(.init_array*)
 .init_array    0x000000000000473c        0x4 /usr/lib/gcc/arm-none-eabi/4.9.3/armv6-m/crtbegin.o
                0x0000000000004740                PROVIDE (__init_array_end, .)

.fini_array     0x0000000000004740        0x4
                0x0000000000004740                PROVIDE (__fini_array_start, .)
 *(SORT(.fini_array.*))
 *(.fini_array*)
 .fini_array    0x0000000000004740        0x4 /usr/lib/gcc/arm-none-eabi/4.9.3/armv6-m/crtbegin.o
                0x0000000000004744                PROVIDE (__fini_array_end, .)
                0x0000000000004744                __etext = .
                0x0000000000004744                __DATA_ROM = .

.mtb            0x000000001ffffe00        0x0
                0x000000001ffffe00                . = ALIGN (0x8)
                0x000000001ffffe00                _mtb_start = .
 *(.mtb_buf)
                0x000000001ffffe00                . = ALIGN (0x8)
                0x000000001ffffe00                _mtb_end = .

.interrupts_ram
                0x000000001ffffe00        0x0
                0x000000001ffffe00                . = ALIGN (0x4)
                0x000000001ffffe00                __VECTOR_RAM__ = .
                0x000000001ffffe00                __interrupts_ram_start__ = .
 *(.m_interrupts_ram)
                0x000000001ffffe00                . = (. + M_VECTOR_RAM_SIZE)
                0x000000001ffffe00                . = ALIGN (0x4)
                0x000000001ffffe00                __interrupts_ram_end__ = .
                0x0000000000000000                __VECTOR_RAM = DEFINED (__ram_vector_table__)?__VECTOR_RAM__:ORIGIN (m_interrupts)
                0x0000000000000000                __RAM_VECTOR_TABLE_SIZE_BYTES = DEFINED (__ram_vector_table__)?(__interrupts_ram_end__ - __interrupts_ram_start__):0x0

.data           0x000000001ffffe00      0x19c load address 0x0000000000004744
                0x000000001ffffe00                . = ALIGN (0x4)
                0x000000001ffffe00                __DATA_RAM = .
                0x000000001ffffe00                __data_start__ = .
 *(.data)
 *(.data*)
 .data.clockManagerCallbackUserlevelStructure
                0x000000001ffffe00        0xc CMakeFiles/Warp.dir/home/diya/Desktop/badminton_shot_detector/Warp-firmware/build/ksdk1.1/work/demos/Warp/src/warp-kl03-ksdk1.1-boot.c.obj
                0x000000001ffffe00                clockManagerCallbackUserlevelStructure
 .data.gWarpI2cBaudRateKbps
                0x000000001ffffe0c        0x4 CMakeFiles/Warp.dir/home/diya/Desktop/badminton_shot_detector/Warp-firmware/build/ksdk1.1/work/demos/Warp/src/warp-kl03-ksdk1.1-boot.c.obj
                0x000000001ffffe0c                gWarpI2cBaudRateKbps
 .data.clockCallbackTable
                0x000000001ffffe10        0x4 CMakeFiles/Warp.dir/home/diya/Desktop/badminton_shot_detector/Warp-firmware/build/ksdk1.1/work/demos/Warp/src/warp-kl03-ksdk1.1-boot.c.obj
 .data.gWarpMode
                0x000000001ffffe14        0x1 CMakeFiles/Warp.dir/home/diya/Desktop/badminton_shot_detector/Warp-firmware/build/ksdk1.1/work/demos/Warp/src/warp-kl03-ksdk1.1-boot.c.obj
                0x000000001ffffe14                gWarpMode
 *fill*         0x000000001ffffe15        0x3 
 .data.gWarpSpiBaudRateKbps
                0x000000001ffffe18        0x4 CMakeFiles/Warp.dir/home/diya/Desktop/badminton_shot_detector/Warp-firmware/build/ksdk1.1/work/demos/Warp/src/warp-kl03-ksdk1.1-boot.c.obj
                0x000000001ffffe18                gWarpSpiBaudRateKbps
 .data.inputPins
                0x000000001ffffe1c       0x10 CMakeFiles/Warp.dir/home/diya/Desktop/badminton_shot_detector/Warp-firmware/build/ksdk1.1/work/boards/Warp/gpio_pins.c.obj
                0x000000001ffffe1c                inputPins
 .data.outputPins
                0x000000001ffffe2c       0xf0 CMakeFiles/Warp.dir/home/diya/Desktop/badminton_shot_detector/Warp-firmware/build/ksdk1.1/work/boards/Warp/gpio_pins.c.obj
                0x000000001ffffe2c                outputPins
 .data.g_defaultClockConfigurations
                0x000000001fffff1c       0x18 ../../../../lib/ksdk_platform_lib/armgcc/KL03Z4/release/libksdk_platform.a(fsl_clock_MKL03Z4.c.obj)
                0x000000001fffff1c                g_defaultClockConfigurations
 .data.impure_data
                0x000000001fffff34       0x60 /usr/lib/gcc/arm-none-eabi/4.9.3/../../../arm-none-eabi/lib/armv6-m/libc_nano.a(lib_a-impure.o)
 .data._impure_ptr
                0x000000001fffff94        0x4 /usr/lib/gcc/arm-none-eabi/4.9.3/../../../arm-none-eabi/lib/armv6-m/libc_nano.a(lib_a-impure.o)
                0x000000001fffff94                _impure_ptr
 *(.jcr*)
 .jcr           0x000000001fffff98        0x0 /usr/lib/gcc/arm-none-eabi/4.9.3/armv6-m/crtbegin.o
 .jcr           0x000000001fffff98        0x4 /usr/lib/gcc/arm-none-eabi/4.9.3/armv6-m/crtend.o
                0x000000001fffff9c                . = ALIGN (0x4)
                0x000000001fffff9c                __data_end__ = .
                0x00000000000048e0                __DATA_END = (__DATA_ROM + (__data_end__ - __data_start__))

.tm_clone_table
                0x000000001fffff9c        0x0 load address 0x00000000000048e0
 .tm_clone_table
                0x000000001fffff9c        0x0 /usr/lib/gcc/arm-none-eabi/4.9.3/armv6-m/crtbegin.o
 .tm_clone_table
                0x000000001fffff9c        0x0 /usr/lib/gcc/arm-none-eabi/4.9.3/armv6-m/crtend.o

.igot.plt       0x000000001fffff9c        0x0 load address 0x00000000000048e0
 .igot.plt      0x000000001fffff9c        0x0 /usr/lib/gcc/arm-none-eabi/4.9.3/armv6-m/crtbegin.o

.bss            0x000000001fffff9c      0x458 load address 0x00000000000048e0
                0x000000001fffff9c                . = ALIGN (0x4)
                0x000000001fffff9c                __START_BSS = .
                0x000000001fffff9c                __bss_start__ = .
 *(.bss)
 .bss           0x000000001fffff9c       0x1c /usr/lib/gcc/arm-none-eabi/4.9.3/armv6-m/crtbegin.o
 *(.bss*)
 .bss.heap_end.5228
                0x000000001fffffb8        0x4 CMakeFiles/Warp.dir/home/diya/Desktop/badminton_shot_detector/Warp-firmware/build/ksdk1.1/work/platform/utilities/src/fsl_misc_utilities.c.obj
 .bss.deviceAS7263State
                0x000000001fffffbc        0xc CMakeFiles/Warp.dir/home/diya/Desktop/badminton_shot_detector/Warp-firmware/build/ksdk1.1/work/demos/Warp/src/warp-kl03-ksdk1.1-boot.c.obj
                0x000000001fffffbc                deviceAS7263State
 .bss.deviceSI4705State
                0x000000001fffffc8        0xc CMakeFiles/Warp.dir/home/diya/Desktop/badminton_shot_detector/Warp-firmware/build/ksdk1.1/work/demos/Warp/src/warp-kl03-ksdk1.1-boot.c.obj
                0x000000001fffffc8                deviceSI4705State
 .bss.deviceSI7021State
                0x000000001fffffd4        0xc CMakeFiles/Warp.dir/home/diya/Desktop/badminton_shot_detector/Warp-firmware/build/ksdk1.1/work/demos/Warp/src/warp-kl03-ksdk1.1-boot.c.obj
                0x000000001fffffd4                deviceSI7021State
 .bss.deviceMPU6050State
                0x000000001fffffe0        0xc CMakeFiles/Warp.dir/home/diya/Desktop/badminton_shot_detector/Warp-firmware/build/ksdk1.1/work/demos/Warp/src/warp-kl03-ksdk1.1-boot.c.obj
                0x000000001fffffe0                deviceMPU6050State
 .bss.deviceBMX055accelState
                0x000000001fffffec        0xc CMakeFiles/Warp.dir/home/diya/Desktop/badminton_shot_detector/Warp-firmware/build/ksdk1.1/work/demos/Warp/src/warp-kl03-ksdk1.1-boot.c.obj
                0x000000001fffffec                deviceBMX055accelState
 .bss.i2cMasterState
                0x000000001ffffff8       0x24 CMakeFiles/Warp.dir/home/diya/Desktop/badminton_shot_detector/Warp-firmware/build/ksdk1.1/work/demos/Warp/src/warp-kl03-ksdk1.1-boot.c.obj
                0x000000001ffffff8                i2cMasterState
 .bss.deviceBME680State
                0x000000002000001c        0xc CMakeFiles/Warp.dir/home/diya/Desktop/badminton_shot_detector/Warp-firmware/build/ksdk1.1/work/demos/Warp/src/warp-kl03-ksdk1.1-boot.c.obj
                0x000000002000001c                deviceBME680State
 .bss.gWarpSleeptimeSeconds
                0x0000000020000028        0x4 CMakeFiles/Warp.dir/home/diya/Desktop/badminton_shot_detector/Warp-firmware/build/ksdk1.1/work/demos/Warp/src/warp-kl03-ksdk1.1-boot.c.obj
                0x0000000020000028                gWarpSleeptimeSeconds
 .bss.deviceBMX055magState
                0x000000002000002c        0xc CMakeFiles/Warp.dir/home/diya/Desktop/badminton_shot_detector/Warp-firmware/build/ksdk1.1/work/demos/Warp/src/warp-kl03-ksdk1.1-boot.c.obj
                0x000000002000002c                deviceBMX055magState
 .bss.deviceAMG8834State
                0x0000000020000038        0xc CMakeFiles/Warp.dir/home/diya/Desktop/badminton_shot_detector/Warp-firmware/build/ksdk1.1/work/demos/Warp/src/warp-kl03-ksdk1.1-boot.c.obj
                0x0000000020000038                deviceAMG8834State
 .bss.deviceLPS25HState
                0x0000000020000044        0xc CMakeFiles/Warp.dir/home/diya/Desktop/badminton_shot_detector/Warp-firmware/build/ksdk1.1/work/demos/Warp/src/warp-kl03-ksdk1.1-boot.c.obj
                0x0000000020000044                deviceLPS25HState
 .bss.deviceAS7262State
                0x0000000020000050        0xc CMakeFiles/Warp.dir/home/diya/Desktop/badminton_shot_detector/Warp-firmware/build/ksdk1.1/work/demos/Warp/src/warp-kl03-ksdk1.1-boot.c.obj
                0x0000000020000050                deviceAS7262State
 .bss.deviceMMA8451QState
                0x000000002000005c        0xc CMakeFiles/Warp.dir/home/diya/Desktop/badminton_shot_detector/Warp-firmware/build/ksdk1.1/work/demos/Warp/src/warp-kl03-ksdk1.1-boot.c.obj
                0x000000002000005c                deviceMMA8451QState
 .bss.deviceBMX055gyroState
                0x0000000020000068        0xc CMakeFiles/Warp.dir/home/diya/Desktop/badminton_shot_detector/Warp-firmware/build/ksdk1.1/work/demos/Warp/src/warp-kl03-ksdk1.1-boot.c.obj
                0x0000000020000068                deviceBMX055gyroState
 .bss.deviceTCS34725State
                0x0000000020000074        0xc CMakeFiles/Warp.dir/home/diya/Desktop/badminton_shot_detector/Warp-firmware/build/ksdk1.1/work/demos/Warp/src/warp-kl03-ksdk1.1-boot.c.obj
                0x0000000020000074                deviceTCS34725State
 .bss.deviceINA219State
                0x0000000020000080        0xc CMakeFiles/Warp.dir/home/diya/Desktop/badminton_shot_detector/Warp-firmware/build/ksdk1.1/work/demos/Warp/src/warp-kl03-ksdk1.1-boot.c.obj
                0x0000000020000080                deviceINA219State
 .bss.spiUserConfig
                0x000000002000008c        0x8 CMakeFiles/Warp.dir/home/diya/Desktop/badminton_shot_detector/Warp-firmware/build/ksdk1.1/work/demos/Warp/src/warp-kl03-ksdk1.1-boot.c.obj
                0x000000002000008c                spiUserConfig
 .bss.deviceL3GD20HState
                0x0000000020000094        0xc CMakeFiles/Warp.dir/home/diya/Desktop/badminton_shot_detector/Warp-firmware/build/ksdk1.1/work/demos/Warp/src/warp-kl03-ksdk1.1-boot.c.obj
                0x0000000020000094                deviceL3GD20HState
 .bss.deviceMAG3110State
                0x00000000200000a0        0xc CMakeFiles/Warp.dir/home/diya/Desktop/badminton_shot_detector/Warp-firmware/build/ksdk1.1/work/demos/Warp/src/warp-kl03-ksdk1.1-boot.c.obj
                0x00000000200000a0                deviceMAG3110State
 .bss.spiMasterState
                0x00000000200000ac       0x30 CMakeFiles/Warp.dir/home/diya/Desktop/badminton_shot_detector/Warp-firmware/build/ksdk1.1/work/demos/Warp/src/warp-kl03-ksdk1.1-boot.c.obj
                0x00000000200000ac                spiMasterState
 .bss.deviceHDC1000State
                0x00000000200000dc        0xc CMakeFiles/Warp.dir/home/diya/Desktop/badminton_shot_detector/Warp-firmware/build/ksdk1.1/work/demos/Warp/src/warp-kl03-ksdk1.1-boot.c.obj
                0x00000000200000dc                deviceHDC1000State
 .bss.deviceADXL362State
                0x00000000200000e8       0x10 CMakeFiles/Warp.dir/home/diya/Desktop/badminton_shot_detector/Warp-firmware/build/ksdk1.1/work/demos/Warp/src/warp-kl03-ksdk1.1-boot.c.obj
                0x00000000200000e8                deviceADXL362State
 .bss.inBuffer  0x00000000200000f8       0x20 CMakeFiles/Warp.dir/home/diya/Desktop/badminton_shot_detector/Warp-firmware/build/ksdk1.1/work/demos/Warp/src/devSSD1331.c.obj
                0x00000000200000f8                inBuffer
 .bss.payloadBytes
                0x0000000020000118       0x20 CMakeFiles/Warp.dir/home/diya/Desktop/badminton_shot_detector/Warp-firmware/build/ksdk1.1/work/demos/Warp/src/devSSD1331.c.obj
                0x0000000020000118                payloadBytes
 .bss._acDownBuffer
                0x0000000020000138       0x10 CMakeFiles/Warp.dir/home/diya/Desktop/badminton_shot_detector/Warp-firmware/build/ksdk1.1/work/demos/Warp/src/SEGGER_RTT.c.obj
 .bss._acUpBuffer
                0x0000000020000148      0x100 CMakeFiles/Warp.dir/home/diya/Desktop/badminton_shot_detector/Warp-firmware/build/ksdk1.1/work/demos/Warp/src/SEGGER_RTT.c.obj
 .bss._SEGGER_RTT
                0x0000000020000248       0x78 CMakeFiles/Warp.dir/home/diya/Desktop/badminton_shot_detector/Warp-firmware/build/ksdk1.1/work/demos/Warp/src/SEGGER_RTT.c.obj
                0x0000000020000248                _SEGGER_RTT
 .bss.g_taskListHead
                0x00000000200002c0       0x10 ../../../../lib/ksdk_platform_lib/armgcc/KL03Z4/release/libksdk_platform.a(fsl_os_abstraction_bm.c.obj)
 .bss.g_freeTaskControlBlock
                0x00000000200002d0        0x4 ../../../../lib/ksdk_platform_lib/armgcc/KL03Z4/release/libksdk_platform.a(fsl_os_abstraction_bm.c.obj)
 .bss.g_taskControlBlockPool
                0x00000000200002d4       0x50 ../../../../lib/ksdk_platform_lib/armgcc/KL03Z4/release/libksdk_platform.a(fsl_os_abstraction_bm.c.obj)
 .bss.g_clockState
                0x0000000020000324       0x10 ../../../../lib/ksdk_platform_lib/armgcc/KL03Z4/release/libksdk_platform.a(fsl_clock_manager.c.obj)
 .bss.g_interruptDisableCount
                0x0000000020000334        0x4 ../../../../lib/ksdk_platform_lib/armgcc/KL03Z4/release/libksdk_platform.a(fsl_interrupt_manager.c.obj)
                0x0000000020000334                g_interruptDisableCount
 .bss.gPowerManagerState
                0x0000000020000338       0x10 ../../../../lib/ksdk_platform_lib/armgcc/KL03Z4/release/libksdk_platform.a(fsl_power_manager.c.obj)
 .bss.g_i2cStatePtr
                0x0000000020000348        0x4 ../../../../lib/ksdk_platform_lib/armgcc/KL03Z4/release/libksdk_platform.a(fsl_i2c_common.c.obj)
                0x0000000020000348                g_i2cStatePtr
 .bss.g_xtal0ClkFreq
                0x000000002000034c        0x4 ../../../../lib/ksdk_platform_lib/armgcc/KL03Z4/release/libksdk_platform.a(fsl_mcglite_hal.c.obj)
                0x000000002000034c                g_xtal0ClkFreq
 .bss.g_xtalRtcClkFreq
                0x0000000020000350        0x4 ../../../../lib/ksdk_platform_lib/armgcc/KL03Z4/release/libksdk_platform.a(fsl_mcglite_hal.c.obj)
                0x0000000020000350                g_xtalRtcClkFreq
 .bss.g_spiStatePtr
                0x0000000020000354        0x4 ../../../../lib/ksdk_platform_lib/armgcc/KL03Z4/release/libksdk_platform.a(fsl_spi_shared_function.c.obj)
                0x0000000020000354                g_spiStatePtr
 .bss.__malloc_sbrk_start
                0x0000000020000358        0x4 /usr/lib/gcc/arm-none-eabi/4.9.3/../../../arm-none-eabi/lib/armv6-m/libc_nano.a(lib_a-nano-mallocr.o)
                0x0000000020000358                __malloc_sbrk_start
 .bss.__malloc_free_list
                0x000000002000035c        0x4 /usr/lib/gcc/arm-none-eabi/4.9.3/../../../arm-none-eabi/lib/armv6-m/libc_nano.a(lib_a-nano-mallocr.o)
                0x000000002000035c                __malloc_free_list
 .bss._global_atexit0
                0x0000000020000360       0x8c /usr/lib/gcc/arm-none-eabi/4.9.3/../../../arm-none-eabi/lib/armv6-m/libc_nano.a(lib_a-__atexit.o)
 .bss._global_atexit
                0x00000000200003ec        0x4 /usr/lib/gcc/arm-none-eabi/4.9.3/../../../arm-none-eabi/lib/armv6-m/libc_nano.a(lib_a-__call_atexit.o)
                0x00000000200003ec                _global_atexit
 *(COMMON)
 COMMON         0x00000000200003f0        0x4 /usr/lib/gcc/arm-none-eabi/4.9.3/../../../arm-none-eabi/lib/armv6-m/libc_nano.a(lib_a-reent.o)
                0x00000000200003f0                errno
                0x00000000200003f4                . = ALIGN (0x4)
                0x00000000200003f4                __bss_end__ = .
                0x00000000200003f4                __END_BSS = .

.heap           0x00000000200003f4        0x9 load address 0x0000000000004d38
                0x00000000200003f8                . = ALIGN (0x8)
 *fill*         0x00000000200003f4        0x4 
                0x00000000200003f8                __end__ = .
                0x00000000200003f8                PROVIDE (end, .)
                0x00000000200003f8                __HeapBase = .
                0x00000000200003fd                . = (. + HEAP_SIZE)
 *fill*         0x00000000200003f8        0x5 
                0x00000000200003fd                __HeapLimit = .

.stack          0x00000000200003fd      0x203 load address 0x0000000000004d41
                0x0000000020000400                . = ALIGN (0x8)
 *fill*         0x00000000200003fd        0x3 
                0x0000000020000600                . = (. + STACK_SIZE)
 *fill*         0x0000000020000400      0x200 
                0x0000000020000600                __StackTop = (ORIGIN (m_data) + LENGTH (m_data))
                0x0000000020000400                __StackLimit = (__StackTop - STACK_SIZE)
                0x0000000020000600                PROVIDE (__stack, __StackTop)

.ARM.attributes
                0x0000000000000000       0x28
 *(.ARM.attributes)
 .ARM.attributes
                0x0000000000000000       0x1e /usr/lib/gcc/arm-none-eabi/4.9.3/armv6-m/crti.o
 .ARM.attributes
                0x000000000000001e       0x2c /usr/lib/gcc/arm-none-eabi/4.9.3/armv6-m/crtbegin.o
 .ARM.attributes
                0x000000000000004a       0x1b /usr/lib/gcc/arm-none-eabi/4.9.3/../../../arm-none-eabi/lib/armv6-m/crt0.o
 .ARM.attributes
                0x0000000000000065       0x32 CMakeFiles/Warp.dir/home/diya/Desktop/badminton_shot_detector/Warp-firmware/build/ksdk1.1/work/platform/utilities/src/fsl_misc_utilities.c.obj
 .ARM.attributes
                0x0000000000000097       0x1b CMakeFiles/Warp.dir/home/diya/Desktop/badminton_shot_detector/Warp-firmware/build/ksdk1.1/work/platform/startup/MKL03Z4/gcc/startup_MKL03Z4.S.obj
 .ARM.attributes
                0x00000000000000b2       0x32 CMakeFiles/Warp.dir/home/diya/Desktop/badminton_shot_detector/Warp-firmware/build/ksdk1.1/work/demos/Warp/src/warp-kl03-ksdk1.1-boot.c.obj
 .ARM.attributes
                0x00000000000000e4       0x32 CMakeFiles/Warp.dir/home/diya/Desktop/badminton_shot_detector/Warp-firmware/build/ksdk1.1/work/demos/Warp/src/warp-kl03-ksdk1.1-powermodes.c.obj
 .ARM.attributes
                0x0000000000000116       0x32 CMakeFiles/Warp.dir/home/diya/Desktop/badminton_shot_detector/Warp-firmware/build/ksdk1.1/work/demos/Warp/src/devBMX055.c.obj
 .ARM.attributes
                0x0000000000000148       0x32 CMakeFiles/Warp.dir/home/diya/Desktop/badminton_shot_detector/Warp-firmware/build/ksdk1.1/work/demos/Warp/src/devADXL362.c.obj
 .ARM.attributes
                0x000000000000017a       0x32 CMakeFiles/Warp.dir/home/diya/Desktop/badminton_shot_detector/Warp-firmware/build/ksdk1.1/work/demos/Warp/src/devMMA8451Q.c.obj
 .ARM.attributes
                0x00000000000001ac       0x32 CMakeFiles/Warp.dir/home/diya/Desktop/badminton_shot_detector/Warp-firmware/build/ksdk1.1/work/demos/Warp/src/devLPS25H.c.obj
 .ARM.attributes
                0x00000000000001de       0x32 CMakeFiles/Warp.dir/home/diya/Desktop/badminton_shot_detector/Warp-firmware/build/ksdk1.1/work/demos/Warp/src/devHDC1000.c.obj
 .ARM.attributes
                0x0000000000000210       0x32 CMakeFiles/Warp.dir/home/diya/Desktop/badminton_shot_detector/Warp-firmware/build/ksdk1.1/work/demos/Warp/src/devMAG3110.c.obj
 .ARM.attributes
                0x0000000000000242       0x32 CMakeFiles/Warp.dir/home/diya/Desktop/badminton_shot_detector/Warp-firmware/build/ksdk1.1/work/demos/Warp/src/devSI7021.c.obj
 .ARM.attributes
                0x0000000000000274       0x32 CMakeFiles/Warp.dir/home/diya/Desktop/badminton_shot_detector/Warp-firmware/build/ksdk1.1/work/demos/Warp/src/devL3GD20H.c.obj
 .ARM.attributes
                0x00000000000002a6       0x32 CMakeFiles/Warp.dir/home/diya/Desktop/badminton_shot_detector/Warp-firmware/build/ksdk1.1/work/demos/Warp/src/devBME680.c.obj
 .ARM.attributes
                0x00000000000002d8       0x32 CMakeFiles/Warp.dir/home/diya/Desktop/badminton_shot_detector/Warp-firmware/build/ksdk1.1/work/demos/Warp/src/devTCS34725.c.obj
 .ARM.attributes
                0x000000000000030a       0x32 CMakeFiles/Warp.dir/home/diya/Desktop/badminton_shot_detector/Warp-firmware/build/ksdk1.1/work/demos/Warp/src/devSI4705.c.obj
 .ARM.attributes
                0x000000000000033c       0x32 CMakeFiles/Warp.dir/home/diya/Desktop/badminton_shot_detector/Warp-firmware/build/ksdk1.1/work/demos/Warp/src/devAMG8834.c.obj
 .ARM.attributes
                0x000000000000036e       0x32 CMakeFiles/Warp.dir/home/diya/Desktop/badminton_shot_detector/Warp-firmware/build/ksdk1.1/work/demos/Warp/src/devAS7262.c.obj
 .ARM.attributes
                0x00000000000003a0       0x32 CMakeFiles/Warp.dir/home/diya/Desktop/badminton_shot_detector/Warp-firmware/build/ksdk1.1/work/demos/Warp/src/devAS7263.c.obj
 .ARM.attributes
                0x00000000000003d2       0x32 CMakeFiles/Warp.dir/home/diya/Desktop/badminton_shot_detector/Warp-firmware/build/ksdk1.1/work/demos/Warp/src/devSSD1331.c.obj
 .ARM.attributes
                0x0000000000000404       0x32 CMakeFiles/Warp.dir/home/diya/Desktop/badminton_shot_detector/Warp-firmware/build/ksdk1.1/work/demos/Warp/src/devINA219.c.obj
 .ARM.attributes
                0x0000000000000436       0x32 CMakeFiles/Warp.dir/home/diya/Desktop/badminton_shot_detector/Warp-firmware/build/ksdk1.1/work/demos/Warp/src/devMPU6050.c.obj
 .ARM.attributes
                0x0000000000000468       0x32 CMakeFiles/Warp.dir/home/diya/Desktop/badminton_shot_detector/Warp-firmware/build/ksdk1.1/work/demos/Warp/src/devINMP401.c.obj
 .ARM.attributes
                0x000000000000049a       0x32 CMakeFiles/Warp.dir/home/diya/Desktop/badminton_shot_detector/Warp-firmware/build/ksdk1.1/work/demos/Warp/src/SEGGER_RTT.c.obj
 .ARM.attributes
                0x00000000000004cc       0x32 CMakeFiles/Warp.dir/home/diya/Desktop/badminton_shot_detector/Warp-firmware/build/ksdk1.1/work/demos/Warp/src/SEGGER_RTT_printf.c.obj
 .ARM.attributes
                0x00000000000004fe       0x32 CMakeFiles/Warp.dir/home/diya/Desktop/badminton_shot_detector/Warp-firmware/build/ksdk1.1/work/platform/drivers/src/i2c/fsl_i2c_irq.c.obj
 .ARM.attributes
                0x0000000000000530       0x32 CMakeFiles/Warp.dir/home/diya/Desktop/badminton_shot_detector/Warp-firmware/build/ksdk1.1/work/platform/drivers/src/spi/fsl_spi_irq.c.obj
 .ARM.attributes
                0x0000000000000562       0x32 CMakeFiles/Warp.dir/home/diya/Desktop/badminton_shot_detector/Warp-firmware/build/ksdk1.1/work/platform/startup/MKL03Z4/system_MKL03Z4.c.obj
 .ARM.attributes
                0x0000000000000594       0x32 CMakeFiles/Warp.dir/home/diya/Desktop/badminton_shot_detector/Warp-firmware/build/ksdk1.1/work/platform/startup/startup.c.obj
 .ARM.attributes
                0x00000000000005c6       0x32 CMakeFiles/Warp.dir/home/diya/Desktop/badminton_shot_detector/Warp-firmware/build/ksdk1.1/work/boards/Warp/gpio_pins.c.obj
 .ARM.attributes
                0x00000000000005f8       0x32 ../../../../lib/ksdk_platform_lib/armgcc/KL03Z4/release/libksdk_platform.a(fsl_os_abstraction_bm.c.obj)
 .ARM.attributes
                0x000000000000062a       0x32 ../../../../lib/ksdk_platform_lib/armgcc/KL03Z4/release/libksdk_platform.a(fsl_clock_manager.c.obj)
 .ARM.attributes
                0x000000000000065c       0x32 ../../../../lib/ksdk_platform_lib/armgcc/KL03Z4/release/libksdk_platform.a(fsl_clock_MKL03Z4.c.obj)
 .ARM.attributes
                0x000000000000068e       0x32 ../../../../lib/ksdk_platform_lib/armgcc/KL03Z4/release/libksdk_platform.a(fsl_interrupt_manager.c.obj)
 .ARM.attributes
                0x00000000000006c0       0x32 ../../../../lib/ksdk_platform_lib/armgcc/KL03Z4/release/libksdk_platform.a(fsl_power_manager.c.obj)
 .ARM.attributes
                0x00000000000006f2       0x32 ../../../../lib/ksdk_platform_lib/armgcc/KL03Z4/release/libksdk_platform.a(fsl_adc16_driver.c.obj)
 .ARM.attributes
                0x0000000000000724       0x32 ../../../../lib/ksdk_platform_lib/armgcc/KL03Z4/release/libksdk_platform.a(fsl_adc16_common.c.obj)
 .ARM.attributes
                0x0000000000000756       0x32 ../../../../lib/ksdk_platform_lib/armgcc/KL03Z4/release/libksdk_platform.a(fsl_gpio_driver.c.obj)
 .ARM.attributes
                0x0000000000000788       0x32 ../../../../lib/ksdk_platform_lib/armgcc/KL03Z4/release/libksdk_platform.a(fsl_i2c_shared_function.c.obj)
 .ARM.attributes
                0x00000000000007ba       0x32 ../../../../lib/ksdk_platform_lib/armgcc/KL03Z4/release/libksdk_platform.a(fsl_i2c_common.c.obj)
 .ARM.attributes
                0x00000000000007ec       0x32 ../../../../lib/ksdk_platform_lib/armgcc/KL03Z4/release/libksdk_platform.a(fsl_i2c_master_driver.c.obj)
 .ARM.attributes
                0x000000000000081e       0x32 ../../../../lib/ksdk_platform_lib/armgcc/KL03Z4/release/libksdk_platform.a(fsl_i2c_slave_driver.c.obj)
 .ARM.attributes
                0x0000000000000850       0x32 ../../../../lib/ksdk_platform_lib/armgcc/KL03Z4/release/libksdk_platform.a(fsl_mcglite_hal.c.obj)
 .ARM.attributes
                0x0000000000000882       0x32 ../../../../lib/ksdk_platform_lib/armgcc/KL03Z4/release/libksdk_platform.a(fsl_mcglite_hal_modes.c.obj)
 .ARM.attributes
                0x00000000000008b4       0x32 ../../../../lib/ksdk_platform_lib/armgcc/KL03Z4/release/libksdk_platform.a(fsl_osc_hal.c.obj)
 .ARM.attributes
                0x00000000000008e6       0x32 ../../../../lib/ksdk_platform_lib/armgcc/KL03Z4/release/libksdk_platform.a(fsl_rtc_hal.c.obj)
 .ARM.attributes
                0x0000000000000918       0x32 ../../../../lib/ksdk_platform_lib/armgcc/KL03Z4/release/libksdk_platform.a(fsl_rtc_driver.c.obj)
 .ARM.attributes
                0x000000000000094a       0x32 ../../../../lib/ksdk_platform_lib/armgcc/KL03Z4/release/libksdk_platform.a(fsl_rtc_common.c.obj)
 .ARM.attributes
                0x000000000000097c       0x32 ../../../../lib/ksdk_platform_lib/armgcc/KL03Z4/release/libksdk_platform.a(fsl_sim_hal_MKL03Z4.c.obj)
 .ARM.attributes
                0x00000000000009ae       0x32 ../../../../lib/ksdk_platform_lib/armgcc/KL03Z4/release/libksdk_platform.a(fsl_spi_shared_function.c.obj)
 .ARM.attributes
                0x00000000000009e0       0x32 ../../../../lib/ksdk_platform_lib/armgcc/KL03Z4/release/libksdk_platform.a(fsl_spi_master_driver.c.obj)
 .ARM.attributes
                0x0000000000000a12       0x32 ../../../../lib/ksdk_platform_lib/armgcc/KL03Z4/release/libksdk_platform.a(fsl_spi_slave_driver.c.obj)
 .ARM.attributes
                0x0000000000000a44       0x32 ../../../../lib/ksdk_platform_lib/armgcc/KL03Z4/release/libksdk_platform.a(fsl_spi_common.c.obj)
 .ARM.attributes
                0x0000000000000a76       0x32 ../../../../lib/ksdk_platform_lib/armgcc/KL03Z4/release/libksdk_platform.a(fsl_smc_hal.c.obj)
 .ARM.attributes
                0x0000000000000aa8       0x32 ../../../../lib/ksdk_platform_lib/armgcc/KL03Z4/release/libksdk_platform.a(fsl_clock_manager_common.c.obj)
 .ARM.attributes
                0x0000000000000ada       0x32 ../../../../lib/ksdk_platform_lib/armgcc/KL03Z4/release/libksdk_platform.a(fsl_adc16_hal.c.obj)
 .ARM.attributes
                0x0000000000000b0c       0x32 ../../../../lib/ksdk_platform_lib/armgcc/KL03Z4/release/libksdk_platform.a(fsl_gpio_hal.c.obj)
 .ARM.attributes
                0x0000000000000b3e       0x32 ../../../../lib/ksdk_platform_lib/armgcc/KL03Z4/release/libksdk_platform.a(fsl_gpio_common.c.obj)
 .ARM.attributes
                0x0000000000000b70       0x32 ../../../../lib/ksdk_platform_lib/armgcc/KL03Z4/release/libksdk_platform.a(fsl_i2c_hal.c.obj)
 .ARM.attributes
                0x0000000000000ba2       0x32 ../../../../lib/ksdk_platform_lib/armgcc/KL03Z4/release/libksdk_platform.a(fsl_spi_hal.c.obj)